Oct  7 21:34:05 ShwetRaj journal: Runtime journal is using 8.0M (max allowed 91.9M, trying to leave 137.8M free of 910.9M available → current limit 91.9M).
Oct  7 21:34:05 ShwetRaj kernel: Initializing cgroup subsys cpuset
Oct  7 21:34:05 ShwetRaj kernel: Initializing cgroup subsys cpu
Oct  7 21:34:05 ShwetRaj kernel: Initializing cgroup subsys cpuacct
Oct  7 21:34:05 ShwetRaj kernel: Linux version 3.10.0-1127.el7.x86_64 (mockbuild@kbuilder.bsys.centos.org) (gcc version 4.8.5 20150623 (Red Hat 4.8.5-39) (GCC) ) #1 SMP Tue Mar 31 23:36:51 UTC 2020
Oct  7 21:34:05 ShwetRaj kernel: Command line: BOOT_IMAGE=/vmlinuz-3.10.0-1127.el7.x86_64 root=/dev/mapper/centos-root ro crashkernel=auto rd.lvm.lv=centos/root rd.lvm.lv=centos/swap rhgb quiet LANG=en_US.UTF-8
Oct  7 21:34:05 ShwetRaj kernel: e820: BIOS-provided physical RAM map:
Oct  7 21:34:05 ShwetRaj kernel: BIOS-e820: [mem 0x0000000000000000-0x000000000009fbff] usable
Oct  7 21:34:05 ShwetRaj kernel: BIOS-e820: [mem 0x000000000009fc00-0x000000000009ffff] reserved
Oct  7 21:34:05 ShwetRaj kernel: BIOS-e820: [mem 0x00000000000f0000-0x00000000000fffff] reserved
Oct  7 21:34:05 ShwetRaj kernel: BIOS-e820: [mem 0x0000000000100000-0x000000007ffeffff] usable
Oct  7 21:34:05 ShwetRaj kernel: BIOS-e820: [mem 0x000000007fff0000-0x000000007fffffff] ACPI data
Oct  7 21:34:05 ShwetRaj kernel: BIOS-e820: [mem 0x00000000fec00000-0x00000000fec00fff] reserved
Oct  7 21:34:05 ShwetRaj kernel: BIOS-e820: [mem 0x00000000fee00000-0x00000000fee00fff] reserved
Oct  7 21:34:05 ShwetRaj kernel: BIOS-e820: [mem 0x00000000fffc0000-0x00000000ffffffff] reserved
Oct  7 21:34:05 ShwetRaj kernel: NX (Execute Disable) protection: active
Oct  7 21:34:05 ShwetRaj kernel: SMBIOS 2.5 present.
Oct  7 21:34:05 ShwetRaj kernel: DMI: innotek GmbH VirtualBox/VirtualBox, BIOS VirtualBox 12/01/2006
Oct  7 21:34:05 ShwetRaj kernel: Hypervisor detected: KVM
Oct  7 21:34:05 ShwetRaj kernel: e820: last_pfn = 0x7fff0 max_arch_pfn = 0x400000000
Oct  7 21:34:05 ShwetRaj kernel: PAT configuration [0-7]: WB  WC  UC- UC  WB  WP  UC- UC  
Oct  7 21:34:05 ShwetRaj kernel: CPU MTRRs all blank - virtualized system.
Oct  7 21:34:05 ShwetRaj kernel: found SMP MP-table at [mem 0x0009fff0-0x0009ffff] mapped at [ffffffffff200ff0]
Oct  7 21:34:05 ShwetRaj kernel: RAMDISK: [mem 0x3433b000-0x36195fff]
Oct  7 21:34:05 ShwetRaj kernel: Early table checksum verification disabled
Oct  7 21:34:05 ShwetRaj kernel: ACPI: RSDP 00000000000e0000 00024 (v02 VBOX  )
Oct  7 21:34:05 ShwetRaj kernel: ACPI: XSDT 000000007fff0030 0003C (v01 VBOX   VBOXXSDT 00000001 ASL  00000061)
Oct  7 21:34:05 ShwetRaj kernel: ACPI: FACP 000000007fff00f0 000F4 (v04 VBOX   VBOXFACP 00000001 ASL  00000061)
Oct  7 21:34:05 ShwetRaj kernel: ACPI: DSDT 000000007fff0470 02325 (v02 VBOX   VBOXBIOS 00000002 INTL 20180105)
Oct  7 21:34:05 ShwetRaj kernel: ACPI: FACS 000000007fff0200 00040
Oct  7 21:34:05 ShwetRaj kernel: ACPI: APIC 000000007fff0240 00054 (v02 VBOX   VBOXAPIC 00000001 ASL  00000061)
Oct  7 21:34:05 ShwetRaj kernel: ACPI: SSDT 000000007fff02a0 001CC (v01 VBOX   VBOXCPUT 00000002 INTL 20180105)
Oct  7 21:34:05 ShwetRaj kernel: No NUMA configuration found
Oct  7 21:34:05 ShwetRaj kernel: Faking a node at [mem 0x0000000000000000-0x000000007ffeffff]
Oct  7 21:34:05 ShwetRaj kernel: NODE_DATA(0) allocated [mem 0x7ffc9000-0x7ffeffff]
Oct  7 21:34:05 ShwetRaj kernel: Reserving 161MB of memory at 672MB for crashkernel (System RAM: 2047MB)
Oct  7 21:34:05 ShwetRaj kernel: kvm-clock: cpu 0, msr 0:7ff78001, primary cpu clock
Oct  7 21:34:05 ShwetRaj kernel: kvm-clock: Using msrs 4b564d01 and 4b564d00
Oct  7 21:34:05 ShwetRaj kernel: kvm-clock: using sched offset of 7116200860823 cycles
Oct  7 21:34:05 ShwetRaj kernel: Zone ranges:
Oct  7 21:34:05 ShwetRaj kernel:  DMA      [mem 0x00001000-0x00ffffff]
Oct  7 21:34:05 ShwetRaj kernel:  DMA32    [mem 0x01000000-0xffffffff]
Oct  7 21:34:05 ShwetRaj kernel:  Normal   empty
Oct  7 21:34:05 ShwetRaj kernel: Movable zone start for each node
Oct  7 21:34:05 ShwetRaj kernel: Early memory node ranges
Oct  7 21:34:05 ShwetRaj kernel:  node   0: [mem 0x00001000-0x0009efff]
Oct  7 21:34:05 ShwetRaj kernel:  node   0: [mem 0x00100000-0x7ffeffff]
Oct  7 21:34:05 ShwetRaj kernel: Initmem setup node 0 [mem 0x00001000-0x7ffeffff]
Oct  7 21:34:05 ShwetRaj kernel: ACPI: PM-Timer IO Port: 0x4008
Oct  7 21:34:05 ShwetRaj kernel: ACPI: LAPIC (acpi_id[0x00] lapic_id[0x00] enabled)
Oct  7 21:34:05 ShwetRaj kernel: ACPI: IOAPIC (id[0x01] address[0xfec00000] gsi_base[0])
Oct  7 21:34:05 ShwetRaj kernel: IOAPIC[0]: apic_id 1, version 32, address 0xfec00000, GSI 0-23
Oct  7 21:34:05 ShwetRaj kernel: ACPI: INT_SRC_OVR (bus 0 bus_irq 0 global_irq 2 dfl dfl)
Oct  7 21:34:05 ShwetRaj kernel: ACPI: INT_SRC_OVR (bus 0 bus_irq 9 global_irq 9 low level)
Oct  7 21:34:05 ShwetRaj kernel: Using ACPI (MADT) for SMP configuration information
Oct  7 21:34:05 ShwetRaj kernel: smpboot: Allowing 1 CPUs, 0 hotplug CPUs
Oct  7 21:34:05 ShwetRaj kernel: PM: Registered nosave memory: [mem 0x0009f000-0x0009ffff]
Oct  7 21:34:05 ShwetRaj kernel: PM: Registered nosave memory: [mem 0x000a0000-0x000effff]
Oct  7 21:34:05 ShwetRaj kernel: PM: Registered nosave memory: [mem 0x000f0000-0x000fffff]
Oct  7 21:34:05 ShwetRaj kernel: e820: [mem 0x80000000-0xfebfffff] available for PCI devices
Oct  7 21:34:05 ShwetRaj kernel: Booting paravirtualized kernel on KVM
Oct  7 21:34:05 ShwetRaj kernel: setup_percpu: NR_CPUS:5120 nr_cpumask_bits:1 nr_cpu_ids:1 nr_node_ids:1
Oct  7 21:34:05 ShwetRaj kernel: percpu: Embedded 38 pages/cpu s118784 r8192 d28672 u2097152
Oct  7 21:34:05 ShwetRaj kernel: Built 1 zonelists in Node order, mobility grouping on.  Total pages: 515961
Oct  7 21:34:05 ShwetRaj kernel: Policy zone: DMA32
Oct  7 21:34:05 ShwetRaj kernel: Kernel command line: BOOT_IMAGE=/vmlinuz-3.10.0-1127.el7.x86_64 root=/dev/mapper/centos-root ro crashkernel=auto rd.lvm.lv=centos/root rd.lvm.lv=centos/swap rhgb quiet LANG=en_US.UTF-8
Oct  7 21:34:05 ShwetRaj kernel: PID hash table entries: 4096 (order: 3, 32768 bytes)
Oct  7 21:34:05 ShwetRaj kernel: x86/fpu: xstate_offset[2]: 0240, xstate_sizes[2]: 0100
Oct  7 21:34:05 ShwetRaj kernel: xsave: enabled xstate_bv 0x7, cntxt size 0x340 using standard form
Oct  7 21:34:05 ShwetRaj kernel: Memory: 1848064k/2097088k available (7784k kernel code, 392k absent, 248632k reserved, 5957k data, 1980k init)
Oct  7 21:34:05 ShwetRaj kernel: SLUB: HWalign=64, Order=0-3, MinObjects=0, CPUs=1, Nodes=1
Oct  7 21:34:05 ShwetRaj kernel: x86/pti: Unmapping kernel while in userspace
Oct  7 21:34:05 ShwetRaj kernel: Hierarchical RCU implementation.
Oct  7 21:34:05 ShwetRaj kernel: #011RCU restricting CPUs from NR_CPUS=5120 to nr_cpu_ids=1.
Oct  7 21:34:05 ShwetRaj kernel: NR_IRQS:327936 nr_irqs:256 0
Oct  7 21:34:05 ShwetRaj kernel: Console: colour VGA+ 80x25
Oct  7 21:34:05 ShwetRaj kernel: console [tty0] enabled
Oct  7 21:34:05 ShwetRaj kernel: allocated 8388608 bytes of page_cgroup
Oct  7 21:34:05 ShwetRaj kernel: please try 'cgroup_disable=memory' option if you don't want memory cgroups
Oct  7 21:34:05 ShwetRaj kernel: tsc: Detected 2095.240 MHz processor
Oct  7 21:34:05 ShwetRaj kernel: Calibrating delay loop (skipped) preset value.. 4190.48 BogoMIPS (lpj=2095240)
Oct  7 21:34:05 ShwetRaj kernel: pid_max: default: 32768 minimum: 301
Oct  7 21:34:05 ShwetRaj kernel: Security Framework initialized
Oct  7 21:34:05 ShwetRaj kernel: SELinux:  Initializing.
Oct  7 21:34:05 ShwetRaj kernel: Yama: becoming mindful.
Oct  7 21:34:05 ShwetRaj kernel: Dentry cache hash table entries: 262144 (order: 9, 2097152 bytes)
Oct  7 21:34:05 ShwetRaj kernel: Inode-cache hash table entries: 131072 (order: 8, 1048576 bytes)
Oct  7 21:34:05 ShwetRaj kernel: Mount-cache hash table entries: 4096 (order: 3, 32768 bytes)
Oct  7 21:34:05 ShwetRaj kernel: Mountpoint-cache hash table entries: 4096 (order: 3, 32768 bytes)
Oct  7 21:34:05 ShwetRaj kernel: Initializing cgroup subsys memory
Oct  7 21:34:05 ShwetRaj kernel: Initializing cgroup subsys devices
Oct  7 21:34:05 ShwetRaj kernel: Initializing cgroup subsys freezer
Oct  7 21:34:05 ShwetRaj kernel: Initializing cgroup subsys net_cls
Oct  7 21:34:05 ShwetRaj kernel: Initializing cgroup subsys blkio
Oct  7 21:34:05 ShwetRaj kernel: Initializing cgroup subsys perf_event
Oct  7 21:34:05 ShwetRaj kernel: Initializing cgroup subsys hugetlb
Oct  7 21:34:05 ShwetRaj kernel: Initializing cgroup subsys pids
Oct  7 21:34:05 ShwetRaj kernel: Initializing cgroup subsys net_prio
Oct  7 21:34:05 ShwetRaj kernel: Last level iTLB entries: 4KB 512, 2MB 0, 4MB 0
Oct  7 21:34:05 ShwetRaj kernel: Last level dTLB entries: 4KB 512, 2MB 32, 4MB 32
Oct  7 21:34:05 ShwetRaj kernel: tlb_flushall_shift: 6
Oct  7 21:34:05 ShwetRaj kernel: FEATURE SPEC_CTRL Not Present
Oct  7 21:34:05 ShwetRaj kernel: FEATURE IBPB_SUPPORT Not Present
Oct  7 21:34:05 ShwetRaj kernel: Spectre V1 : Mitigation: Load fences, usercopy/swapgs barriers and __user pointer sanitization
Oct  7 21:34:05 ShwetRaj kernel: Spectre V2 : Vulnerable: Retpoline without IBPB
Oct  7 21:34:05 ShwetRaj kernel: Speculative Store Bypass: Vulnerable
Oct  7 21:34:05 ShwetRaj kernel: MDS: Mitigation: Clear CPU buffers
Oct  7 21:34:05 ShwetRaj kernel: Freeing SMP alternatives: 28k freed
Oct  7 21:34:05 ShwetRaj kernel: ACPI: Core revision 20130517
Oct  7 21:34:05 ShwetRaj kernel: ACPI: All ACPI Tables successfully acquired
Oct  7 21:34:05 ShwetRaj kernel: ftrace: allocating 29618 entries in 116 pages
Oct  7 21:34:05 ShwetRaj kernel: Enabling x2apic
Oct  7 21:34:05 ShwetRaj kernel: Enabled x2apic
Oct  7 21:34:05 ShwetRaj kernel: Switched APIC routing to physical x2apic.
Oct  7 21:34:05 ShwetRaj kernel: ..TIMER: vector=0x30 apic1=0 pin1=2 apic2=-1 pin2=-1
Oct  7 21:34:05 ShwetRaj kernel: smpboot: CPU0: Intel(R) Core(TM) i3-2310M CPU @ 2.10GHz (fam: 06, model: 2a, stepping: 07)
Oct  7 21:34:05 ShwetRaj kernel: APIC calibration not consistent with PM-Timer: 127ms instead of 100ms
Oct  7 21:34:05 ShwetRaj kernel: APIC delta adjusted to PM-Timer: 6347391 (8124553)
Oct  7 21:34:05 ShwetRaj kernel: Performance Events: unsupported p6 CPU model 42 no PMU driver, software events only.
Oct  7 21:34:05 ShwetRaj kernel: KVM setup paravirtual spinlock
Oct  7 21:34:05 ShwetRaj kernel: Brought up 1 CPUs
Oct  7 21:34:05 ShwetRaj kernel: smpboot: Max logical packages: 1
Oct  7 21:34:05 ShwetRaj kernel: smpboot: Total of 1 processors activated (4190.48 BogoMIPS)
Oct  7 21:34:05 ShwetRaj kernel: devtmpfs: initialized
Oct  7 21:34:05 ShwetRaj kernel: x86/mm: Memory block size: 128MB
Oct  7 21:34:05 ShwetRaj kernel: EVM: security.selinux
Oct  7 21:34:05 ShwetRaj kernel: EVM: security.ima
Oct  7 21:34:05 ShwetRaj kernel: EVM: security.capability
Oct  7 21:34:05 ShwetRaj kernel: atomic64 test passed for x86-64 platform with CX8 and with SSE
Oct  7 21:34:05 ShwetRaj kernel: pinctrl core: initialized pinctrl subsystem
Oct  7 21:34:05 ShwetRaj kernel: RTC time: 16:04:04, date: 10/07/20
Oct  7 21:34:05 ShwetRaj kernel: NET: Registered protocol family 16
Oct  7 21:34:05 ShwetRaj kernel: cpuidle: using governor haltpoll
Oct  7 21:34:05 ShwetRaj kernel: ACPI: bus type PCI registered
Oct  7 21:34:05 ShwetRaj kernel: acpiphp: ACPI Hot Plug PCI Controller Driver version: 0.5
Oct  7 21:34:05 ShwetRaj kernel: PCI: Using configuration type 1 for base access
Oct  7 21:34:05 ShwetRaj kernel: ACPI: Added _OSI(Module Device)
Oct  7 21:34:05 ShwetRaj kernel: ACPI: Added _OSI(Processor Device)
Oct  7 21:34:05 ShwetRaj kernel: ACPI: Added _OSI(3.0 _SCP Extensions)
Oct  7 21:34:05 ShwetRaj kernel: ACPI: Added _OSI(Processor Aggregator Device)
Oct  7 21:34:05 ShwetRaj kernel: ACPI: Added _OSI(Linux-Dell-Video)
Oct  7 21:34:05 ShwetRaj kernel: ACPI: Executed 1 blocks of module-level executable AML code
Oct  7 21:34:05 ShwetRaj kernel: ACPI: Interpreter enabled
Oct  7 21:34:05 ShwetRaj kernel: ACPI: (supports S0 S5)
Oct  7 21:34:05 ShwetRaj kernel: ACPI: Using IOAPIC for interrupt routing
Oct  7 21:34:05 ShwetRaj kernel: PCI: Using host bridge windows from ACPI; if necessary, use "pci=nocrs" and report a bug
Oct  7 21:34:05 ShwetRaj kernel: ACPI: Enabled 2 GPEs in block 00 to 07
Oct  7 21:34:05 ShwetRaj kernel: ACPI: PCI Root Bridge [PCI0] (domain 0000 [bus 00-ff])
Oct  7 21:34:05 ShwetRaj kernel: acpi PNP0A03:00: _OSC: OS supports [ASPM ClockPM Segments MSI]
Oct  7 21:34:05 ShwetRaj kernel: acpi PNP0A03:00: _OSC: not requesting OS control; OS requires [ExtendedConfig ASPM ClockPM MSI]
Oct  7 21:34:05 ShwetRaj kernel: acpi PNP0A03:00: fail to add MMCONFIG information, can't access extended PCI configuration space under this bridge.
Oct  7 21:34:05 ShwetRaj kernel: PCI host bridge to bus 0000:00
Oct  7 21:34:05 ShwetRaj kernel: pci_bus 0000:00: root bus resource [io  0x0000-0x0cf7 window]
Oct  7 21:34:05 ShwetRaj kernel: pci_bus 0000:00: root bus resource [io  0x0d00-0xffff window]
Oct  7 21:34:05 ShwetRaj kernel: pci_bus 0000:00: root bus resource [mem 0x000a0000-0x000bffff window]
Oct  7 21:34:05 ShwetRaj kernel: pci_bus 0000:00: root bus resource [mem 0x80000000-0xfdffffff window]
Oct  7 21:34:05 ShwetRaj kernel: pci_bus 0000:00: root bus resource [bus 00-ff]
Oct  7 21:34:05 ShwetRaj kernel: pci 0000:00:01.1: legacy IDE quirk: reg 0x10: [io  0x01f0-0x01f7]
Oct  7 21:34:05 ShwetRaj kernel: pci 0000:00:01.1: legacy IDE quirk: reg 0x14: [io  0x03f6]
Oct  7 21:34:05 ShwetRaj kernel: pci 0000:00:01.1: legacy IDE quirk: reg 0x18: [io  0x0170-0x0177]
Oct  7 21:34:05 ShwetRaj kernel: pci 0000:00:01.1: legacy IDE quirk: reg 0x1c: [io  0x0376]
Oct  7 21:34:05 ShwetRaj kernel: pci 0000:00:07.0: quirk: [io  0x4000-0x403f] claimed by PIIX4 ACPI
Oct  7 21:34:05 ShwetRaj kernel: pci 0000:00:07.0: quirk: [io  0x4100-0x410f] claimed by PIIX4 SMB
Oct  7 21:34:05 ShwetRaj kernel: ACPI: PCI Interrupt Link [LNKA] (IRQs 5 9 10 *11)
Oct  7 21:34:05 ShwetRaj kernel: ACPI: PCI Interrupt Link [LNKB] (IRQs 5 9 *10 11)
Oct  7 21:34:05 ShwetRaj kernel: ACPI: PCI Interrupt Link [LNKC] (IRQs 5 *9 10 11)
Oct  7 21:34:05 ShwetRaj kernel: ACPI: PCI Interrupt Link [LNKD] (IRQs 5 9 10 *11)
Oct  7 21:34:05 ShwetRaj kernel: vgaarb: device added: PCI:0000:00:02.0,decodes=io+mem,owns=io+mem,locks=none
Oct  7 21:34:05 ShwetRaj kernel: vgaarb: loaded
Oct  7 21:34:05 ShwetRaj kernel: vgaarb: bridge control possible 0000:00:02.0
Oct  7 21:34:05 ShwetRaj kernel: SCSI subsystem initialized
Oct  7 21:34:05 ShwetRaj kernel: ACPI: bus type USB registered
Oct  7 21:34:05 ShwetRaj kernel: usbcore: registered new interface driver usbfs
Oct  7 21:34:05 ShwetRaj kernel: usbcore: registered new interface driver hub
Oct  7 21:34:05 ShwetRaj kernel: usbcore: registered new device driver usb
Oct  7 21:34:05 ShwetRaj kernel: EDAC MC: Ver: 3.0.0
Oct  7 21:34:05 ShwetRaj kernel: PCI: Using ACPI for IRQ routing
Oct  7 21:34:05 ShwetRaj kernel: NetLabel: Initializing
Oct  7 21:34:05 ShwetRaj kernel: NetLabel:  domain hash size = 128
Oct  7 21:34:05 ShwetRaj kernel: NetLabel:  protocols = UNLABELED CIPSOv4
Oct  7 21:34:05 ShwetRaj kernel: NetLabel:  unlabeled traffic allowed by default
Oct  7 21:34:05 ShwetRaj kernel: amd_nb: Cannot enumerate AMD northbridges
Oct  7 21:34:05 ShwetRaj kernel: Switched to clocksource kvm-clock
Oct  7 21:34:05 ShwetRaj kernel: pnp: PnP ACPI init
Oct  7 21:34:05 ShwetRaj kernel: ACPI: bus type PNP registered
Oct  7 21:34:05 ShwetRaj kernel: pnp: PnP ACPI: found 2 devices
Oct  7 21:34:05 ShwetRaj kernel: ACPI: bus type PNP unregistered
Oct  7 21:34:05 ShwetRaj kernel: NET: Registered protocol family 2
Oct  7 21:34:05 ShwetRaj kernel: TCP established hash table entries: 16384 (order: 5, 131072 bytes)
Oct  7 21:34:05 ShwetRaj kernel: TCP bind hash table entries: 16384 (order: 6, 262144 bytes)
Oct  7 21:34:05 ShwetRaj kernel: TCP: Hash tables configured (established 16384 bind 16384)
Oct  7 21:34:05 ShwetRaj kernel: TCP: reno registered
Oct  7 21:34:05 ShwetRaj kernel: UDP hash table entries: 1024 (order: 3, 32768 bytes)
Oct  7 21:34:05 ShwetRaj kernel: UDP-Lite hash table entries: 1024 (order: 3, 32768 bytes)
Oct  7 21:34:05 ShwetRaj kernel: NET: Registered protocol family 1
Oct  7 21:34:05 ShwetRaj kernel: pci 0000:00:00.0: Limiting direct PCI/PCI transfers
Oct  7 21:34:05 ShwetRaj kernel: pci 0000:00:01.0: Activating ISA DMA hang workarounds
Oct  7 21:34:05 ShwetRaj kernel: Unpacking initramfs...
Oct  7 21:34:05 ShwetRaj kernel: Freeing initrd memory: 31084k freed
Oct  7 21:34:05 ShwetRaj kernel: RAPL PMU: API unit is 2^-32 Joules, 3 fixed counters, 10737418240 ms ovfl timer
Oct  7 21:34:05 ShwetRaj kernel: RAPL PMU: hw unit of domain pp0-core 2^-0 Joules
Oct  7 21:34:05 ShwetRaj kernel: RAPL PMU: hw unit of domain package 2^-0 Joules
Oct  7 21:34:05 ShwetRaj kernel: RAPL PMU: hw unit of domain pp1-gpu 2^-0 Joules
Oct  7 21:34:05 ShwetRaj kernel: platform rtc_cmos: registered platform RTC device (no PNP device found)
Oct  7 21:34:05 ShwetRaj kernel: sha1_ssse3: Using AVX optimized SHA-1 implementation
Oct  7 21:34:05 ShwetRaj kernel: sha256_ssse3: Using AVX optimized SHA-256 implementation
Oct  7 21:34:05 ShwetRaj kernel: futex hash table entries: 256 (order: 2, 16384 bytes)
Oct  7 21:34:05 ShwetRaj kernel: Initialise system trusted keyring
Oct  7 21:34:05 ShwetRaj kernel: audit: initializing netlink socket (disabled)
Oct  7 21:34:05 ShwetRaj kernel: type=2000 audit(1602093761.060:1): initialized
Oct  7 21:34:05 ShwetRaj kernel: HugeTLB registered 2 MB page size, pre-allocated 0 pages
Oct  7 21:34:05 ShwetRaj kernel: zpool: loaded
Oct  7 21:34:05 ShwetRaj kernel: zbud: loaded
Oct  7 21:34:05 ShwetRaj kernel: VFS: Disk quotas dquot_6.5.2
Oct  7 21:34:05 ShwetRaj kernel: Dquot-cache hash table entries: 512 (order 0, 4096 bytes)
Oct  7 21:34:05 ShwetRaj kernel: Key type big_key registered
Oct  7 21:34:05 ShwetRaj kernel: NET: Registered protocol family 38
Oct  7 21:34:05 ShwetRaj kernel: Key type asymmetric registered
Oct  7 21:34:05 ShwetRaj kernel: Asymmetric key parser 'x509' registered
Oct  7 21:34:05 ShwetRaj kernel: Block layer SCSI generic (bsg) driver version 0.4 loaded (major 248)
Oct  7 21:34:05 ShwetRaj kernel: io scheduler noop registered
Oct  7 21:34:05 ShwetRaj kernel: io scheduler deadline registered (default)
Oct  7 21:34:05 ShwetRaj kernel: io scheduler cfq registered
Oct  7 21:34:05 ShwetRaj kernel: io scheduler mq-deadline registered
Oct  7 21:34:05 ShwetRaj kernel: io scheduler kyber registered
Oct  7 21:34:05 ShwetRaj kernel: pci_hotplug: PCI Hot Plug PCI Core version: 0.5
Oct  7 21:34:05 ShwetRaj kernel: pciehp: PCI Express Hot Plug Controller Driver version: 0.4
Oct  7 21:34:05 ShwetRaj kernel: shpchp: Standard Hot Plug PCI Controller Driver version: 0.4
Oct  7 21:34:05 ShwetRaj kernel: ACPI: AC Adapter [AC] (on-line)
Oct  7 21:34:05 ShwetRaj kernel: input: Power Button as /devices/LNXSYSTM:00/LNXPWRBN:00/input/input0
Oct  7 21:34:05 ShwetRaj kernel: ACPI: Power Button [PWRF]
Oct  7 21:34:05 ShwetRaj kernel: input: Sleep Button as /devices/LNXSYSTM:00/LNXSLPBN:00/input/input1
Oct  7 21:34:05 ShwetRaj kernel: ACPI: Sleep Button [SLPF]
Oct  7 21:34:05 ShwetRaj kernel: GHES: HEST is not enabled!
Oct  7 21:34:05 ShwetRaj kernel: Serial: 8250/16550 driver, 4 ports, IRQ sharing enabled
Oct  7 21:34:05 ShwetRaj kernel: Non-volatile memory driver v1.3
Oct  7 21:34:05 ShwetRaj kernel: Linux agpgart interface v0.103
Oct  7 21:34:05 ShwetRaj kernel: crash memory driver: version 1.1
Oct  7 21:34:05 ShwetRaj kernel: rdac: device handler registered
Oct  7 21:34:05 ShwetRaj kernel: hp_sw: device handler registered
Oct  7 21:34:05 ShwetRaj kernel: emc: device handler registered
Oct  7 21:34:05 ShwetRaj kernel: ACPI: Battery Slot [BAT0] (battery present)
Oct  7 21:34:05 ShwetRaj kernel: alua: device handler registered
Oct  7 21:34:05 ShwetRaj kernel: libphy: Fixed MDIO Bus: probed
Oct  7 21:34:05 ShwetRaj kernel: ehci_hcd: USB 2.0 'Enhanced' Host Controller (EHCI) Driver
Oct  7 21:34:05 ShwetRaj kernel: ehci-pci: EHCI PCI platform driver
Oct  7 21:34:05 ShwetRaj kernel: ehci-pci 0000:00:0b.0: EHCI Host Controller
Oct  7 21:34:05 ShwetRaj kernel: ehci-pci 0000:00:0b.0: new USB bus registered, assigned bus number 1
Oct  7 21:34:05 ShwetRaj kernel: ehci-pci 0000:00:0b.0: irq 19, io mem 0xf0805000
Oct  7 21:34:05 ShwetRaj kernel: ehci-pci 0000:00:0b.0: USB 2.0 started, EHCI 1.00
Oct  7 21:34:05 ShwetRaj kernel: usb usb1: New USB device found, idVendor=1d6b, idProduct=0002, bcdDevice= 3.10
Oct  7 21:34:05 ShwetRaj kernel: usb usb1: New USB device strings: Mfr=3, Product=2, SerialNumber=1
Oct  7 21:34:05 ShwetRaj kernel: usb usb1: Product: EHCI Host Controller
Oct  7 21:34:05 ShwetRaj kernel: usb usb1: Manufacturer: Linux 3.10.0-1127.el7.x86_64 ehci_hcd
Oct  7 21:34:05 ShwetRaj kernel: usb usb1: SerialNumber: 0000:00:0b.0
Oct  7 21:34:05 ShwetRaj kernel: hub 1-0:1.0: USB hub found
Oct  7 21:34:05 ShwetRaj kernel: hub 1-0:1.0: 12 ports detected
Oct  7 21:34:05 ShwetRaj kernel: ohci_hcd: USB 1.1 'Open' Host Controller (OHCI) Driver
Oct  7 21:34:05 ShwetRaj kernel: ohci-pci: OHCI PCI platform driver
Oct  7 21:34:05 ShwetRaj kernel: ohci-pci 0000:00:06.0: OHCI PCI host controller
Oct  7 21:34:05 ShwetRaj kernel: ohci-pci 0000:00:06.0: new USB bus registered, assigned bus number 2
Oct  7 21:34:05 ShwetRaj kernel: ohci-pci 0000:00:06.0: irq 22, io mem 0xf0804000
Oct  7 21:34:05 ShwetRaj kernel: usb usb2: New USB device found, idVendor=1d6b, idProduct=0001, bcdDevice= 3.10
Oct  7 21:34:05 ShwetRaj kernel: usb usb2: New USB device strings: Mfr=3, Product=2, SerialNumber=1
Oct  7 21:34:05 ShwetRaj kernel: usb usb2: Product: OHCI PCI host controller
Oct  7 21:34:05 ShwetRaj kernel: usb usb2: Manufacturer: Linux 3.10.0-1127.el7.x86_64 ohci_hcd
Oct  7 21:34:05 ShwetRaj kernel: usb usb2: SerialNumber: 0000:00:06.0
Oct  7 21:34:05 ShwetRaj kernel: hub 2-0:1.0: USB hub found
Oct  7 21:34:05 ShwetRaj kernel: hub 2-0:1.0: 12 ports detected
Oct  7 21:34:05 ShwetRaj kernel: uhci_hcd: USB Universal Host Controller Interface driver
Oct  7 21:34:05 ShwetRaj kernel: usbcore: registered new interface driver usbserial_generic
Oct  7 21:34:05 ShwetRaj kernel: usbserial: USB Serial support registered for generic
Oct  7 21:34:05 ShwetRaj kernel: i8042: PNP: PS/2 Controller [PNP0303:PS2K,PNP0f03:PS2M] at 0x60,0x64 irq 1,12
Oct  7 21:34:05 ShwetRaj kernel: serio: i8042 KBD port at 0x60,0x64 irq 1
Oct  7 21:34:05 ShwetRaj kernel: serio: i8042 AUX port at 0x60,0x64 irq 12
Oct  7 21:34:05 ShwetRaj kernel: mousedev: PS/2 mouse device common for all mice
Oct  7 21:34:05 ShwetRaj kernel: input: AT Translated Set 2 keyboard as /devices/platform/i8042/serio0/input/input2
Oct  7 21:34:05 ShwetRaj kernel: rtc_cmos rtc_cmos: rtc core: registered rtc_cmos as rtc0
Oct  7 21:34:05 ShwetRaj kernel: rtc_cmos rtc_cmos: alarms up to one day, 114 bytes nvram
Oct  7 21:34:05 ShwetRaj kernel: hidraw: raw HID events driver (C) Jiri Kosina
Oct  7 21:34:05 ShwetRaj kernel: usbcore: registered new interface driver usbhid
Oct  7 21:34:05 ShwetRaj kernel: usbhid: USB HID core driver
Oct  7 21:34:05 ShwetRaj kernel: drop_monitor: Initializing network drop monitor service
Oct  7 21:34:05 ShwetRaj kernel: TCP: cubic registered
Oct  7 21:34:05 ShwetRaj kernel: Initializing XFRM netlink socket
Oct  7 21:34:05 ShwetRaj kernel: NET: Registered protocol family 10
Oct  7 21:34:05 ShwetRaj kernel: NET: Registered protocol family 17
Oct  7 21:34:05 ShwetRaj kernel: mpls_gso: MPLS GSO support
Oct  7 21:34:05 ShwetRaj kernel: mce: Using 0 MCE banks
Oct  7 21:34:05 ShwetRaj kernel: Loading compiled-in X.509 certificates
Oct  7 21:34:05 ShwetRaj kernel: Loaded X.509 cert 'CentOS Linux kpatch signing key: ea0413152cde1d98ebdca3fe6f0230904c9ef717'
Oct  7 21:34:05 ShwetRaj kernel: Loaded X.509 cert 'CentOS Linux Driver update signing key: 7f421ee0ab69461574bb358861dbe77762a4201b'
Oct  7 21:34:05 ShwetRaj kernel: Loaded X.509 cert 'CentOS Linux kernel signing key: 690e8a482fe76bfbf231d860f0c662d8f1173d57'
Oct  7 21:34:05 ShwetRaj kernel: registered taskstats version 1
Oct  7 21:34:05 ShwetRaj kernel: Key type trusted registered
Oct  7 21:34:05 ShwetRaj kernel: Key type encrypted registered
Oct  7 21:34:05 ShwetRaj kernel: IMA: No TPM chip found, activating TPM-bypass! (rc=-19)
Oct  7 21:34:05 ShwetRaj kernel:  Magic number: 8:759:84
Oct  7 21:34:05 ShwetRaj kernel: rtc_cmos rtc_cmos: setting system clock to 2020-10-07 16:04:05 UTC (1602086645)
Oct  7 21:34:05 ShwetRaj kernel: Freeing unused kernel memory: 1980k freed
Oct  7 21:34:05 ShwetRaj kernel: Write protecting the kernel read-only data: 12288k
Oct  7 21:34:05 ShwetRaj kernel: Freeing unused kernel memory: 396k freed
Oct  7 21:34:05 ShwetRaj kernel: Freeing unused kernel memory: 540k freed
Oct  7 21:34:05 ShwetRaj kernel: random: systemd: uninitialized urandom read (16 bytes read)
Oct  7 21:34:05 ShwetRaj kernel: random: systemd: uninitialized urandom read (16 bytes read)
Oct  7 21:34:05 ShwetRaj kernel: random: systemd: uninitialized urandom read (16 bytes read)
Oct  7 21:34:05 ShwetRaj systemd[1]: systemd 219 running in system mode. (+PAM +AUDIT +SELINUX +IMA -APPARMOR +SMACK +SYSVINIT +UTMP +LIBCRYPTSETUP +GCRYPT +GNUTLS +ACL +XZ +LZ4 -SECCOMP +BLKID +ELFUTILS +KMOD +IDN)
Oct  7 21:34:05 ShwetRaj systemd[1]: Detected virtualization kvm.
Oct  7 21:34:05 ShwetRaj systemd[1]: Detected architecture x86-64.
Oct  7 21:34:05 ShwetRaj systemd[1]: Running in initial RAM disk.
Oct  7 21:34:05 ShwetRaj systemd[1]: Set hostname to <ShwetRaj>.
Oct  7 21:34:05 ShwetRaj kernel: random: systemd: uninitialized urandom read (16 bytes read)
Oct  7 21:34:05 ShwetRaj kernel: random: systemd: uninitialized urandom read (16 bytes read)
Oct  7 21:34:05 ShwetRaj kernel: random: systemd: uninitialized urandom read (16 bytes read)
Oct  7 21:34:05 ShwetRaj kernel: random: systemd: uninitialized urandom read (16 bytes read)
Oct  7 21:34:05 ShwetRaj kernel: random: systemd: uninitialized urandom read (16 bytes read)
Oct  7 21:34:05 ShwetRaj kernel: random: systemd: uninitialized urandom read (16 bytes read)
Oct  7 21:34:05 ShwetRaj kernel: random: systemd: uninitialized urandom read (16 bytes read)
Oct  7 21:34:05 ShwetRaj systemd[1]: Reached target Timers.
Oct  7 21:34:05 ShwetRaj systemd[1]: Reached target Swap.
Oct  7 21:34:05 ShwetRaj systemd[1]: Created slice Root Slice.
Oct  7 21:34:05 ShwetRaj systemd[1]: Created slice System Slice.
Oct  7 21:34:05 ShwetRaj systemd[1]: Reached target Slices.
Oct  7 21:34:05 ShwetRaj systemd[1]: Listening on Journal Socket.
Oct  7 21:34:05 ShwetRaj systemd[1]: Starting Journal Service...
Oct  7 21:34:05 ShwetRaj systemd[1]: Starting dracut cmdline hook...
Oct  7 21:34:05 ShwetRaj systemd[1]: Starting Apply Kernel Variables...
Oct  7 21:34:05 ShwetRaj systemd[1]: Listening on udev Control Socket.
Oct  7 21:34:05 ShwetRaj systemd[1]: Reached target Local File Systems.
Oct  7 21:34:05 ShwetRaj systemd[1]: Starting Create list of required static device nodes for the current kernel...
Oct  7 21:34:05 ShwetRaj systemd[1]: Starting Setup Virtual Console...
Oct  7 21:34:05 ShwetRaj systemd[1]: Listening on udev Kernel Socket.
Oct  7 21:34:05 ShwetRaj systemd[1]: Reached target Sockets.
Oct  7 21:34:05 ShwetRaj systemd[1]: Started Apply Kernel Variables.
Oct  7 21:34:05 ShwetRaj systemd[1]: Started Create list of required static device nodes for the current kernel.
Oct  7 21:34:05 ShwetRaj systemd[1]: Starting Create Static Device Nodes in /dev...
Oct  7 21:34:05 ShwetRaj systemd[1]: Started Create Static Device Nodes in /dev.
Oct  7 21:34:05 ShwetRaj kernel: psmouse serio1: alps: Unknown ALPS touchpad: E7=10 00 64, EC=10 00 64
Oct  7 21:34:05 ShwetRaj kernel: input: ImExPS/2 Generic Explorer Mouse as /devices/platform/i8042/serio1/input/input3
Oct  7 21:34:05 ShwetRaj journal: Journal started
Oct  7 21:34:05 ShwetRaj systemd[1]: Started Journal Service.
Oct  7 21:34:05 ShwetRaj systemd: Started Setup Virtual Console.
Oct  7 21:34:05 ShwetRaj kernel: usb 2-1: new full-speed USB device number 2 using ohci-pci
Oct  7 21:34:06 ShwetRaj systemd: Started dracut cmdline hook.
Oct  7 21:34:06 ShwetRaj systemd: Starting dracut pre-udev hook...
Oct  7 21:34:06 ShwetRaj kernel: device-mapper: uevent: version 1.0.3
Oct  7 21:34:06 ShwetRaj kernel: device-mapper: ioctl: 4.37.1-ioctl (2018-04-03) initialised: dm-devel@redhat.com
Oct  7 21:34:06 ShwetRaj systemd: Started dracut pre-udev hook.
Oct  7 21:34:06 ShwetRaj systemd: Starting udev Kernel Device Manager...
Oct  7 21:34:06 ShwetRaj systemd-udevd: starting version 219
Oct  7 21:34:06 ShwetRaj systemd: Started udev Kernel Device Manager.
Oct  7 21:34:06 ShwetRaj systemd: Starting udev Coldplug all Devices...
Oct  7 21:34:06 ShwetRaj kernel: usb 2-1: New USB device found, idVendor=80ee, idProduct=0021, bcdDevice= 1.00
Oct  7 21:34:06 ShwetRaj kernel: usb 2-1: New USB device strings: Mfr=1, Product=3, SerialNumber=0
Oct  7 21:34:06 ShwetRaj kernel: usb 2-1: Product: USB Tablet
Oct  7 21:34:06 ShwetRaj kernel: usb 2-1: Manufacturer: VirtualBox
Oct  7 21:34:06 ShwetRaj kernel: input: VirtualBox USB Tablet as /devices/pci0000:00/0000:00:06.0/usb2/2-1/2-1:1.0/input/input4
Oct  7 21:34:06 ShwetRaj kernel: hid-generic 0003:80EE:0021.0001: input,hidraw0: USB HID v1.10 Mouse [VirtualBox USB Tablet] on usb-0000:00:06.0-1/input0
Oct  7 21:34:06 ShwetRaj systemd: Mounting Configuration File System...
Oct  7 21:34:06 ShwetRaj systemd: Mounted Configuration File System.
Oct  7 21:34:06 ShwetRaj systemd: Started udev Coldplug all Devices.
Oct  7 21:34:06 ShwetRaj systemd: Starting Show Plymouth Boot Screen...
Oct  7 21:34:06 ShwetRaj systemd: Starting dracut initqueue hook...
Oct  7 21:34:06 ShwetRaj systemd: Reached target System Initialization.
Oct  7 21:34:06 ShwetRaj kernel: tsc: Refined TSC clocksource calibration: 2095.657 MHz
Oct  7 21:34:06 ShwetRaj systemd: Started Show Plymouth Boot Screen.
Oct  7 21:34:06 ShwetRaj systemd: Started Forward Password Requests to Plymouth Directory Watch.
Oct  7 21:34:06 ShwetRaj systemd: Reached target Paths.
Oct  7 21:34:06 ShwetRaj systemd: Reached target Basic System.
Oct  7 21:34:06 ShwetRaj kernel: e1000: Intel(R) PRO/1000 Network Driver - version 7.3.21-k8-NAPI
Oct  7 21:34:06 ShwetRaj kernel: e1000: Copyright (c) 1999-2006 Intel Corporation.
Oct  7 21:34:07 ShwetRaj kernel: e1000 0000:00:03.0 eth0: (PCI:33MHz:32-bit) 08:00:27:aa:17:0b
Oct  7 21:34:07 ShwetRaj kernel: e1000 0000:00:03.0 eth0: Intel(R) PRO/1000 Network Connection
Oct  7 21:34:07 ShwetRaj kernel: scsi host0: ata_piix
Oct  7 21:34:07 ShwetRaj kernel: scsi host1: ata_piix
Oct  7 21:34:07 ShwetRaj kernel: ata1: PATA max UDMA/33 cmd 0x1f0 ctl 0x3f6 bmdma 0xd000 irq 14
Oct  7 21:34:07 ShwetRaj kernel: ata2: PATA max UDMA/33 cmd 0x170 ctl 0x376 bmdma 0xd008 irq 15
Oct  7 21:34:07 ShwetRaj kernel: ahci 0000:00:0d.0: SSS flag set, parallel bus scan disabled
Oct  7 21:34:07 ShwetRaj kernel: ahci 0000:00:0d.0: AHCI 0001.0100 32 slots 1 ports 3 Gbps 0x1 impl SATA mode
Oct  7 21:34:07 ShwetRaj kernel: ahci 0000:00:0d.0: flags: 64bit ncq stag only ccc 
Oct  7 21:34:07 ShwetRaj kernel: scsi host2: ahci
Oct  7 21:34:07 ShwetRaj kernel: ata3: SATA max UDMA/133 abar m8192@0xf0806000 port 0xf0806100 irq 21
Oct  7 21:34:07 ShwetRaj kernel: [drm] DMA map mode: Keeping DMA mappings.
Oct  7 21:34:07 ShwetRaj kernel: [drm] Capabilities:
Oct  7 21:34:07 ShwetRaj kernel: [drm]   Cursor.
Oct  7 21:34:07 ShwetRaj kernel: [drm]   Cursor bypass 2.
Oct  7 21:34:07 ShwetRaj kernel: [drm]   Alpha cursor.
Oct  7 21:34:07 ShwetRaj kernel: [drm]   3D.
Oct  7 21:34:07 ShwetRaj kernel: [drm]   Extended Fifo.
Oct  7 21:34:07 ShwetRaj kernel: [drm]   Pitchlock.
Oct  7 21:34:07 ShwetRaj kernel: [drm]   Irq mask.
Oct  7 21:34:07 ShwetRaj kernel: [drm]   GMR.
Oct  7 21:34:07 ShwetRaj kernel: [drm]   Traces.
Oct  7 21:34:07 ShwetRaj kernel: [drm]   GMR2.
Oct  7 21:34:07 ShwetRaj kernel: [drm]   Screen Object 2.
Oct  7 21:34:07 ShwetRaj kernel: [drm] Max GMR ids is 8192
Oct  7 21:34:07 ShwetRaj kernel: [drm] Max number of GMR pages is 1048576
Oct  7 21:34:07 ShwetRaj kernel: [drm] Max dedicated hypervisor surface memory is 507904 kiB
Oct  7 21:34:07 ShwetRaj kernel: [drm] Maximum display memory size is 16384 kiB
Oct  7 21:34:07 ShwetRaj kernel: [drm] VRAM at 0xe0000000 size is 16384 kiB
Oct  7 21:34:07 ShwetRaj kernel: [drm] MMIO at 0xf0000000 size is 2048 kiB
Oct  7 21:34:07 ShwetRaj kernel: [TTM] Zone  kernel: Available graphics memory: 941046 kiB
Oct  7 21:34:07 ShwetRaj kernel: [TTM] Initializing pool allocator
Oct  7 21:34:07 ShwetRaj kernel: [TTM] Initializing DMA pool allocator
Oct  7 21:34:07 ShwetRaj kernel: [drm] Supports vblank timestamp caching Rev 2 (21.10.2013).
Oct  7 21:34:07 ShwetRaj kernel: [drm] No driver support for vblank timestamp query.
Oct  7 21:34:07 ShwetRaj kernel: [drm] Screen Objects Display Unit initialized
Oct  7 21:34:07 ShwetRaj kernel: [drm] width 720
Oct  7 21:34:07 ShwetRaj kernel: [drm] height 400
Oct  7 21:34:07 ShwetRaj kernel: [drm] bpp 32
Oct  7 21:34:07 ShwetRaj kernel: [drm] Fifo max 0x00200000 min 0x00001000 cap 0x00000355
Oct  7 21:34:07 ShwetRaj kernel: [drm] DX: no.
Oct  7 21:34:07 ShwetRaj kernel: [drm] Atomic: yes.
Oct  7 21:34:07 ShwetRaj kernel: [drm] SM4_1: no.
Oct  7 21:34:07 ShwetRaj kernel: [drm:vmw_host_log [vmwgfx]] *ERROR* Failed to send host log message.
Oct  7 21:34:07 ShwetRaj kernel: [drm:vmw_host_log [vmwgfx]] *ERROR* Failed to send host log message.
Oct  7 21:34:07 ShwetRaj kernel: fbcon: svgadrmfb (fb0) is primary device
Oct  7 21:34:07 ShwetRaj kernel: Console: switching to colour frame buffer device 100x37
Oct  7 21:34:07 ShwetRaj kernel: [drm] Initialized vmwgfx 2.15.0 20180704 for 0000:00:02.0 on minor 0
Oct  7 21:34:07 ShwetRaj kernel: ata2.00: ATAPI: VBOX CD-ROM, 1.0, max UDMA/133
Oct  7 21:34:07 ShwetRaj kernel: ata2.00: configured for UDMA/33
Oct  7 21:34:07 ShwetRaj kernel: scsi 1:0:0:0: CD-ROM            VBOX     CD-ROM           1.0  PQ: 0 ANSI: 5
Oct  7 21:34:07 ShwetRaj kernel: ata3: SATA link up 3.0 Gbps (SStatus 123 SControl 300)
Oct  7 21:34:07 ShwetRaj kernel: ata3.00: ATA-6: VBOX HARDDISK, 1.0, max UDMA/133
Oct  7 21:34:07 ShwetRaj kernel: ata3.00: 20971520 sectors, multi 128: LBA48 NCQ (depth 31/32)
Oct  7 21:34:07 ShwetRaj kernel: ata3.00: configured for UDMA/133
Oct  7 21:34:07 ShwetRaj kernel: scsi 2:0:0:0: Direct-Access     ATA      VBOX HARDDISK    1.0  PQ: 0 ANSI: 5
Oct  7 21:34:07 ShwetRaj kernel: sr 1:0:0:0: [sr0] scsi3-mmc drive: 32x/32x xa/form2 tray
Oct  7 21:34:07 ShwetRaj kernel: cdrom: Uniform CD-ROM driver Revision: 3.20
Oct  7 21:34:07 ShwetRaj kernel: sd 2:0:0:0: [sda] 20971520 512-byte logical blocks: (10.7 GB/10.0 GiB)
Oct  7 21:34:07 ShwetRaj kernel: sd 2:0:0:0: [sda] Write Protect is off
Oct  7 21:34:07 ShwetRaj kernel: sd 2:0:0:0: [sda] Write cache: enabled, read cache: enabled, doesn't support DPO or FUA
Oct  7 21:34:07 ShwetRaj kernel: sda: sda1 sda2
Oct  7 21:34:07 ShwetRaj kernel: sd 2:0:0:0: [sda] Attached SCSI disk
Oct  7 21:34:07 ShwetRaj kernel: random: fast init done
Oct  7 21:34:07 ShwetRaj systemd: Found device /dev/mapper/centos-root.
Oct  7 21:34:07 ShwetRaj systemd: Starting File System Check on /dev/mapper/centos-root...
Oct  7 21:34:07 ShwetRaj systemd-fsck: /sbin/fsck.xfs: XFS file system.
Oct  7 21:34:07 ShwetRaj systemd: Started File System Check on /dev/mapper/centos-root.
Oct  7 21:34:08 ShwetRaj systemd: Started dracut initqueue hook.
Oct  7 21:34:08 ShwetRaj systemd: Reached target Remote File Systems (Pre).
Oct  7 21:34:08 ShwetRaj systemd: Reached target Remote File Systems.
Oct  7 21:34:08 ShwetRaj systemd: Mounting /sysroot...
Oct  7 21:34:08 ShwetRaj kernel: SGI XFS with ACLs, security attributes, no debug enabled
Oct  7 21:34:08 ShwetRaj kernel: XFS (dm-0): Mounting V5 Filesystem
Oct  7 21:34:08 ShwetRaj kernel: XFS (dm-0): Ending clean mount
Oct  7 21:34:08 ShwetRaj systemd: Mounted /sysroot.
Oct  7 21:34:08 ShwetRaj systemd: Reached target Initrd Root File System.
Oct  7 21:34:08 ShwetRaj systemd: Starting Reload Configuration from the Real Root...
Oct  7 21:34:08 ShwetRaj systemd: Reloading.
Oct  7 21:34:08 ShwetRaj systemd: Started Reload Configuration from the Real Root.
Oct  7 21:34:08 ShwetRaj systemd: Reached target Initrd File Systems.
Oct  7 21:34:08 ShwetRaj systemd: Reached target Initrd Default Target.
Oct  7 21:34:08 ShwetRaj systemd: Starting dracut pre-pivot and cleanup hook...
Oct  7 21:34:08 ShwetRaj systemd: Started dracut pre-pivot and cleanup hook.
Oct  7 21:34:08 ShwetRaj systemd: Starting Cleaning Up and Shutting Down Daemons...
Oct  7 21:34:08 ShwetRaj systemd: Starting Plymouth switch root service...
Oct  7 21:34:08 ShwetRaj systemd: Stopped target Timers.
Oct  7 21:34:08 ShwetRaj systemd: Stopped dracut pre-pivot and cleanup hook.
Oct  7 21:34:08 ShwetRaj systemd: Stopped target Remote File Systems.
Oct  7 21:34:08 ShwetRaj systemd: Stopped target Remote File Systems (Pre).
Oct  7 21:34:08 ShwetRaj systemd: Stopped dracut initqueue hook.
Oct  7 21:34:08 ShwetRaj systemd: Stopped target Initrd Default Target.
Oct  7 21:34:08 ShwetRaj systemd: Stopped target Basic System.
Oct  7 21:34:08 ShwetRaj systemd: Stopped target System Initialization.
Oct  7 21:34:08 ShwetRaj systemd: Stopped udev Coldplug all Devices.
Oct  7 21:34:08 ShwetRaj systemd: Stopping udev Kernel Device Manager...
Oct  7 21:34:08 ShwetRaj systemd: Stopped target Swap.
Oct  7 21:34:08 ShwetRaj systemd: Stopped Apply Kernel Variables.
Oct  7 21:34:08 ShwetRaj systemd: Stopped target Local File Systems.
Oct  7 21:34:08 ShwetRaj systemd: Stopped target Slices.
Oct  7 21:34:08 ShwetRaj systemd: Stopped target Sockets.
Oct  7 21:34:08 ShwetRaj systemd: Stopped target Paths.
Oct  7 21:34:08 ShwetRaj systemd: Stopped udev Kernel Device Manager.
Oct  7 21:34:08 ShwetRaj systemd: Started Cleaning Up and Shutting Down Daemons.
Oct  7 21:34:08 ShwetRaj systemd: Stopped Create Static Device Nodes in /dev.
Oct  7 21:34:08 ShwetRaj systemd: Stopped Create list of required static device nodes for the current kernel.
Oct  7 21:34:08 ShwetRaj systemd: Stopped dracut pre-udev hook.
Oct  7 21:34:08 ShwetRaj systemd: Stopped dracut cmdline hook.
Oct  7 21:34:08 ShwetRaj systemd: Closed udev Kernel Socket.
Oct  7 21:34:08 ShwetRaj systemd: Closed udev Control Socket.
Oct  7 21:34:08 ShwetRaj systemd: Starting Cleanup udevd DB...
Oct  7 21:34:08 ShwetRaj systemd: Started Cleanup udevd DB.
Oct  7 21:34:08 ShwetRaj systemd: Reached target Switch Root.
Oct  7 21:34:08 ShwetRaj systemd: Started Plymouth switch root service.
Oct  7 21:34:08 ShwetRaj systemd: Starting Switch Root...
Oct  7 21:34:08 ShwetRaj systemd: Switching root.
Oct  7 21:34:09 ShwetRaj journal: Journal stopped
Oct  7 21:34:14 ShwetRaj journal: Runtime journal is using 8.0M (max allowed 91.9M, trying to leave 137.8M free of 910.9M available → current limit 91.9M).
Oct  7 21:34:14 ShwetRaj systemd-journald[89]: Received SIGTERM from PID 1 (systemd).
Oct  7 21:34:14 ShwetRaj kernel: random: crng init done
Oct  7 21:34:14 ShwetRaj kernel: type=1404 audit(1602086649.806:2): enforcing=1 old_enforcing=0 auid=4294967295 ses=4294967295
Oct  7 21:34:14 ShwetRaj kernel: type=1403 audit(1602086650.104:3): policy loaded auid=4294967295 ses=4294967295
Oct  7 21:34:14 ShwetRaj systemd[1]: Successfully loaded SELinux policy in 339.601ms.
Oct  7 21:34:14 ShwetRaj kernel: ip_tables: (C) 2000-2006 Netfilter Core Team
Oct  7 21:34:14 ShwetRaj systemd[1]: Inserted module 'ip_tables'
Oct  7 21:34:14 ShwetRaj systemd[1]: Relabelled /dev, /run and /sys/fs/cgroup in 27.477ms.
Oct  7 21:34:14 ShwetRaj journal: Journal started
Oct  7 21:34:14 ShwetRaj systemd: systemd 219 running in system mode. (+PAM +AUDIT +SELINUX +IMA -APPARMOR +SMACK +SYSVINIT +UTMP +LIBCRYPTSETUP +GCRYPT +GNUTLS +ACL +XZ +LZ4 -SECCOMP +BLKID +ELFUTILS +KMOD +IDN)
Oct  7 21:34:14 ShwetRaj systemd: Detected virtualization kvm.
Oct  7 21:34:14 ShwetRaj systemd: Detected architecture x86-64.
Oct  7 21:34:14 ShwetRaj systemd: Set hostname to <ShwetRaj>.
Oct  7 21:34:14 ShwetRaj systemd: Starting Flush Journal to Persistent Storage...
Oct  7 21:34:14 ShwetRaj systemd: Started Read and set NIS domainname from /etc/sysconfig/network.
Oct  7 21:34:14 ShwetRaj systemd: Started LVM2 metadata daemon.
Oct  7 21:34:14 ShwetRaj systemd: Started Flush Journal to Persistent Storage.
Oct  7 21:34:14 ShwetRaj systemd: Started Configure read-only root support.
Oct  7 21:34:14 ShwetRaj systemd: Starting Load/Save Random Seed...
Oct  7 21:34:14 ShwetRaj systemd: Started Load/Save Random Seed.
Oct  7 21:34:15 ShwetRaj systemd: Started Create Static Device Nodes in /dev.
Oct  7 21:34:15 ShwetRaj systemd: Starting udev Kernel Device Manager...
Oct  7 21:34:15 ShwetRaj systemd-udevd: starting version 219
Oct  7 21:34:16 ShwetRaj systemd: Started Rebuild Hardware Database.
Oct  7 21:34:16 ShwetRaj systemd: Starting udev Coldplug all Devices...
Oct  7 21:34:16 ShwetRaj systemd: Started udev Coldplug all Devices.
Oct  7 21:34:16 ShwetRaj systemd: Starting udev Wait for Complete Device Initialization...
Oct  7 21:34:16 ShwetRaj systemd: Started udev Kernel Device Manager.
Oct  7 21:34:16 ShwetRaj kernel: ACPI: Video Device [GFX0] (multi-head: yes  rom: no  post: no)
Oct  7 21:34:16 ShwetRaj kernel: input: Video Bus as /devices/LNXSYSTM:00/device:00/PNP0A03:00/LNXVIDEO:00/input/input5
Oct  7 21:34:16 ShwetRaj kernel: piix4_smbus 0000:00:07.0: SMBus Host Controller at 0x4100, revision 0
Oct  7 21:34:16 ShwetRaj kernel: sr 1:0:0:0: Attached scsi generic sg0 type 5
Oct  7 21:34:16 ShwetRaj kernel: sd 2:0:0:0: Attached scsi generic sg1 type 0
Oct  7 21:34:16 ShwetRaj kernel: input: PC Speaker as /devices/platform/pcspkr/input/input6
Oct  7 21:34:17 ShwetRaj mtp-probe: checking bus 2, device 2: "/sys/devices/pci0000:00/0000:00:06.0/usb2/2-1"
Oct  7 21:34:17 ShwetRaj mtp-probe: bus: 2, device: 2 was not an MTP device
Oct  7 21:34:17 ShwetRaj kernel: cryptd: max_cpu_qlen set to 1000
Oct  7 21:34:17 ShwetRaj systemd: Created slice system-lvm2\x2dpvscan.slice.
Oct  7 21:34:17 ShwetRaj systemd: Starting LVM2 PV scan on device 8:2...
Oct  7 21:34:17 ShwetRaj systemd: Found device VBOX_HARDDISK 1.
Oct  7 21:34:17 ShwetRaj lvm: pvscan[562] WARNING: lvmetad is being updated, retrying (setup) for 10 more seconds.
Oct  7 21:34:17 ShwetRaj kernel: ppdev: user-space parallel port driver
Oct  7 21:34:18 ShwetRaj lvm: 2 logical volume(s) in volume group "centos" monitored
Oct  7 21:34:18 ShwetRaj lvm: pvscan[562] VG centos run autoactivation.
Oct  7 21:34:18 ShwetRaj systemd: Started Monitoring of LVM2 mirrors, snapshots etc. using dmeventd or progress polling.
Oct  7 21:34:18 ShwetRaj systemd: Reached target Local File Systems (Pre).
Oct  7 21:34:18 ShwetRaj systemd: Mounting /boot...
Oct  7 21:34:19 ShwetRaj kernel: XFS (sda1): Mounting V5 Filesystem
Oct  7 21:34:19 ShwetRaj systemd: Found device /dev/mapper/centos-swap.
Oct  7 21:34:19 ShwetRaj systemd: Activating swap /dev/mapper/centos-swap...
Oct  7 21:34:19 ShwetRaj kernel: Adding 1048572k swap on /dev/mapper/centos-swap.  Priority:-2 extents:1 across:1048572k FS
Oct  7 21:34:19 ShwetRaj systemd: Activated swap /dev/mapper/centos-swap.
Oct  7 21:34:19 ShwetRaj systemd: Reached target Swap.
Oct  7 21:34:19 ShwetRaj kernel: snd_intel8x0 0000:00:05.0: white list rate for 1028:0177 is 48000
Oct  7 21:34:19 ShwetRaj kernel: floppy0: no floppy controllers found
Oct  7 21:34:19 ShwetRaj kernel: work still pending
Oct  7 21:34:19 ShwetRaj lvm: 2 logical volume(s) in volume group "centos" now active
Oct  7 21:34:19 ShwetRaj systemd: Started LVM2 PV scan on device 8:2.
Oct  7 21:34:20 ShwetRaj systemd: Started udev Wait for Complete Device Initialization.
Oct  7 21:34:20 ShwetRaj systemd: Starting Activation of DM RAID sets...
Oct  7 21:34:20 ShwetRaj systemd: Started Activation of DM RAID sets.
Oct  7 21:34:20 ShwetRaj systemd: Reached target Local Encrypted Volumes.
Oct  7 21:34:21 ShwetRaj systemd: Mounted /boot.
Oct  7 21:34:21 ShwetRaj systemd: Reached target Local File Systems.
Oct  7 21:34:21 ShwetRaj systemd: Starting Tell Plymouth To Write Out Runtime Data...
Oct  7 21:34:21 ShwetRaj kernel: XFS (sda1): Ending clean mount
Oct  7 21:34:21 ShwetRaj systemd: Starting Import network configuration from initramfs...
Oct  7 21:34:21 ShwetRaj systemd: Starting Migrate local SELinux policy changes from the old store structure to the new structure...
Oct  7 21:34:21 ShwetRaj systemd: Starting Preprocess NFS configuration...
Oct  7 21:34:21 ShwetRaj systemd: Starting Rebuild Journal Catalog...
Oct  7 21:34:21 ShwetRaj systemd: Started Tell Plymouth To Write Out Runtime Data.
Oct  7 21:34:21 ShwetRaj systemd: Started Rebuild Journal Catalog.
Oct  7 21:34:21 ShwetRaj systemd: Starting Update is Completed...
Oct  7 21:34:21 ShwetRaj systemd: Started Preprocess NFS configuration.
Oct  7 21:34:21 ShwetRaj systemd: Started Update is Completed.
Oct  7 21:34:21 ShwetRaj systemd: Started Import network configuration from initramfs.
Oct  7 21:34:21 ShwetRaj systemd: Starting Create Volatile Files and Directories...
Oct  7 21:34:21 ShwetRaj systemd: Started Migrate local SELinux policy changes from the old store structure to the new structure.
Oct  7 21:34:21 ShwetRaj systemd: Started Create Volatile Files and Directories.
Oct  7 21:34:21 ShwetRaj systemd: Starting Security Auditing Service...
Oct  7 21:34:21 ShwetRaj systemd: Mounting RPC Pipe File System...
Oct  7 21:34:21 ShwetRaj kernel: RPC: Registered named UNIX socket transport module.
Oct  7 21:34:21 ShwetRaj kernel: RPC: Registered udp transport module.
Oct  7 21:34:21 ShwetRaj kernel: RPC: Registered tcp transport module.
Oct  7 21:34:21 ShwetRaj kernel: RPC: Registered tcp NFSv4.1 backchannel transport module.
Oct  7 21:34:21 ShwetRaj systemd: Mounted RPC Pipe File System.
Oct  7 21:34:21 ShwetRaj systemd: Reached target rpc_pipefs.target.
Oct  7 21:34:22 ShwetRaj auditd[641]: Started dispatcher: /sbin/audispd pid: 643
Oct  7 21:34:22 ShwetRaj kernel: type=1305 audit(1602086662.019:4): audit_pid=641 old=0 auid=4294967295 ses=4294967295 subj=system_u:system_r:auditd_t:s0 res=1
Oct  7 21:34:22 ShwetRaj audispd: audispd initialized with q_depth=250 and 1 active plugins
Oct  7 21:34:22 ShwetRaj auditd[641]: Init complete, auditd 2.8.5 listening for events (startup state enable)
Oct  7 21:34:22 ShwetRaj augenrules: No rules
Oct  7 21:34:22 ShwetRaj augenrules: enabled 1
Oct  7 21:34:22 ShwetRaj augenrules: failure 1
Oct  7 21:34:22 ShwetRaj augenrules: pid 641
Oct  7 21:34:22 ShwetRaj augenrules: rate_limit 0
Oct  7 21:34:22 ShwetRaj augenrules: backlog_limit 8192
Oct  7 21:34:22 ShwetRaj augenrules: lost 0
Oct  7 21:34:22 ShwetRaj augenrules: backlog 1
Oct  7 21:34:22 ShwetRaj augenrules: enabled 1
Oct  7 21:34:22 ShwetRaj augenrules: failure 1
Oct  7 21:34:22 ShwetRaj augenrules: pid 641
Oct  7 21:34:22 ShwetRaj augenrules: rate_limit 0
Oct  7 21:34:22 ShwetRaj augenrules: backlog_limit 8192
Oct  7 21:34:22 ShwetRaj augenrules: lost 0
Oct  7 21:34:22 ShwetRaj augenrules: backlog 1
Oct  7 21:34:22 ShwetRaj systemd: Started Security Auditing Service.
Oct  7 21:34:22 ShwetRaj systemd: Starting Update UTMP about System Boot/Shutdown...
Oct  7 21:34:22 ShwetRaj systemd: Started Update UTMP about System Boot/Shutdown.
Oct  7 21:34:22 ShwetRaj systemd: Reached target System Initialization.
Oct  7 21:34:22 ShwetRaj systemd: Started CUPS Printer Service Spool.
Oct  7 21:34:22 ShwetRaj systemd: Reached target Paths.
Oct  7 21:34:22 ShwetRaj systemd: Listening on RPCbind Server Activation Socket.
Oct  7 21:34:22 ShwetRaj systemd: Starting RPC bind service...
Oct  7 21:34:22 ShwetRaj systemd: Listening on Virtual machine lock manager socket.
Oct  7 21:34:22 ShwetRaj systemd: Started Daily Cleanup of Temporary Directories.
Oct  7 21:34:22 ShwetRaj systemd: Listening on Avahi mDNS/DNS-SD Stack Activation Socket.
Oct  7 21:34:22 ShwetRaj systemd: Listening on Open-iSCSI iscsiuio Socket.
Oct  7 21:34:22 ShwetRaj systemd: Started daily update of the root trust anchor for DNSSEC.
Oct  7 21:34:22 ShwetRaj systemd: Reached target Timers.
Oct  7 21:34:22 ShwetRaj systemd: Listening on CUPS Printing Service Sockets.
Oct  7 21:34:22 ShwetRaj systemd: Listening on D-Bus System Message Bus Socket.
Oct  7 21:34:22 ShwetRaj systemd: Listening on Open-iSCSI iscsid Socket.
Oct  7 21:34:22 ShwetRaj systemd: Listening on Virtual machine log manager socket.
Oct  7 21:34:22 ShwetRaj systemd: Reached target Sockets.
Oct  7 21:34:22 ShwetRaj systemd: Reached target Basic System.
Oct  7 21:34:22 ShwetRaj systemd: Starting VDO volume services...
Oct  7 21:34:22 ShwetRaj systemd: Starting Disk Manager...
Oct  7 21:34:22 ShwetRaj systemd: Started ABRT Automated Bug Reporting Tool.
Oct  7 21:34:22 ShwetRaj systemd: Starting Authorization Manager...
Oct  7 21:34:22 ShwetRaj systemd: Starting Virtual Machine and Container Registration Service...
Oct  7 21:34:22 ShwetRaj systemd: Starting Dump dmesg to /var/log/dmesg...
Oct  7 21:34:22 ShwetRaj systemd: Starting Login Service...
Oct  7 21:34:22 ShwetRaj systemd: Starting Self Monitoring and Reporting Technology (SMART) Daemon...
Oct  7 21:34:22 ShwetRaj systemd: Starting RealtimeKit Scheduling Policy Service...
Oct  7 21:34:22 ShwetRaj systemd: Starting OpenSSH Server Key Generation...
Oct  7 21:34:22 ShwetRaj systemd: Starting GSSAPI Proxy Daemon...
Oct  7 21:34:22 ShwetRaj systemd: Started ABRT kernel log watcher.
Oct  7 21:34:22 ShwetRaj systemd: Starting Install ABRT coredump hook...
Oct  7 21:34:23 ShwetRaj systemd: Starting Accounts Service...
Oct  7 21:34:23 ShwetRaj systemd: Starting Kernel Samepage Merging...
Oct  7 21:34:23 ShwetRaj systemd: Starting Avahi mDNS/DNS-SD Stack...
Oct  7 21:34:23 ShwetRaj systemd: Starting Resets System Activity Logs...
Oct  7 21:34:23 ShwetRaj systemd: Started irqbalance daemon.
Oct  7 21:34:23 ShwetRaj systemd: Started libstoragemgmt plug-in server daemon.
Oct  7 21:34:23 ShwetRaj systemd: Started Hardware RNG Entropy Gatherer Daemon.
Oct  7 21:34:23 ShwetRaj systemd: Started Manage Sound Card State (restore and store).
Oct  7 21:34:23 ShwetRaj systemd: Reached target Sound Card.
Oct  7 21:34:23 ShwetRaj systemd: Starting Machine Check Exception Logging Daemon...
Oct  7 21:34:23 ShwetRaj systemd: Starting Initial Setup configuration program...
Oct  7 21:34:23 ShwetRaj alsactl[700]: alsactl 1.1.8 daemon started
Oct  7 21:34:23 ShwetRaj systemd: Started D-Bus System Message Bus.
Oct  7 21:34:23 ShwetRaj alsactl[700]: /usr/sbin/alsactl: load_state:1683Cannot open /var/lib/alsa/asound.state for reading: No such file or directory
Oct  7 21:34:23 ShwetRaj alsactl: Found hardware: "ICH" "Analog Devices AD1980" "AC97a:41445370" "0x1028" "0x0177"
Oct  7 21:34:23 ShwetRaj alsactl: Hardware is initialized using a generic method
Oct  7 21:34:23 ShwetRaj /usr/sbin/irqbalance: Balancing is ineffective on systems with a single cpu.  Shutting down
Oct  7 21:34:23 ShwetRaj journal: udisks daemon version 2.8.4 starting
Oct  7 21:34:24 ShwetRaj polkitd[672]: Started polkitd version 0.112
Oct  7 21:34:24 ShwetRaj avahi-daemon[689]: Found user 'avahi' (UID 70) and group 'avahi' (GID 70).
Oct  7 21:34:24 ShwetRaj avahi-daemon[689]: Successfully dropped root privileges.
Oct  7 21:34:24 ShwetRaj avahi-daemon[689]: avahi-daemon 0.6.31 starting up.
Oct  7 21:34:24 ShwetRaj avahi-daemon[689]: WARNING: No NSS support for mDNS detected, consider installing nss-mdns!
Oct  7 21:34:24 ShwetRaj smartd[679]: smartd 7.0 2018-12-30 r4883 [x86_64-linux-3.10.0-1127.el7.x86_64] (local build)
Oct  7 21:34:24 ShwetRaj smartd[679]: Copyright (C) 2002-18, Bruce Allen, Christian Franke, www.smartmontools.org
Oct  7 21:34:24 ShwetRaj smartd[679]: Opened configuration file /etc/smartmontools/smartd.conf
Oct  7 21:34:24 ShwetRaj smartd[679]: Configuration file /etc/smartmontools/smartd.conf was parsed, found DEVICESCAN, scanning devices
Oct  7 21:34:24 ShwetRaj smartd[679]: Device: /dev/sda, type changed from 'scsi' to 'sat'
Oct  7 21:34:24 ShwetRaj smartd[679]: Device: /dev/sda [SAT], opened
Oct  7 21:34:24 ShwetRaj smartd[679]: Device: /dev/sda [SAT], VBOX HARDDISK, S/N:VB84f5f80e-637096b6, FW:1.0, 10.7 GB
Oct  7 21:34:24 ShwetRaj smartd[679]: Device: /dev/sda [SAT], not found in smartd database.
Oct  7 21:34:24 ShwetRaj smartd[679]: Device: /dev/sda [SAT], lacks SMART capability
Oct  7 21:34:24 ShwetRaj smartd[679]: Device: /dev/sda [SAT], to proceed anyway, use '-T permissive' Directive.
Oct  7 21:34:24 ShwetRaj smartd[679]: Monitoring 0 ATA/SATA, 0 SCSI/SAS and 0 NVMe devices
Oct  7 21:34:25 ShwetRaj rngd: Initalizing available sources
Oct  7 21:34:25 ShwetRaj rngd: Failed to init entropy source 0: Hardware RNG Device
Oct  7 21:34:25 ShwetRaj rngd: Failed to init entropy source 2: Intel RDRAND Instruction RNG
Oct  7 21:34:25 ShwetRaj abrtd: Init complete, entering main loop
Oct  7 21:34:26 ShwetRaj sshd-keygen: Generating SSH2 RSA host key: [  OK  ]
Oct  7 21:34:26 ShwetRaj sshd-keygen: Generating SSH2 ECDSA host key: [  OK  ]
Oct  7 21:34:26 ShwetRaj sshd-keygen: Generating SSH2 ED25519 host key: [  OK  ]
Oct  7 21:34:26 ShwetRaj avahi-daemon[689]: Successfully called chroot().
Oct  7 21:34:26 ShwetRaj avahi-daemon[689]: Successfully dropped remaining capabilities.
Oct  7 21:34:26 ShwetRaj avahi-daemon[689]: No service file found in /etc/avahi/services.
Oct  7 21:34:27 ShwetRaj systemd: Started Avahi mDNS/DNS-SD Stack.
Oct  7 21:34:27 ShwetRaj systemd: Started RealtimeKit Scheduling Policy Service.
Oct  7 21:34:27 ShwetRaj systemd: Starting Modem Manager...
Oct  7 21:34:27 ShwetRaj avahi-daemon[689]: Network interface enumeration completed.
Oct  7 21:34:27 ShwetRaj avahi-daemon[689]: Registering HINFO record with values 'X86_64'/'LINUX'.
Oct  7 21:34:27 ShwetRaj avahi-daemon[689]: Server startup complete. Host name is ShwetRaj.local. Local service cookie is 1597246016.
Oct  7 21:34:27 ShwetRaj systemd: Started Self Monitoring and Reporting Technology (SMART) Daemon.
Oct  7 21:34:27 ShwetRaj systemd: Received SIGRTMIN+21 from PID 702 (kill).
Oct  7 21:34:27 ShwetRaj systemd: Started RPC bind service.
Oct  7 21:34:27 ShwetRaj systemd: Started Dump dmesg to /var/log/dmesg.
Oct  7 21:34:27 ShwetRaj systemd: Started OpenSSH Server Key Generation.
Oct  7 21:34:27 ShwetRaj systemd: Started GSSAPI Proxy Daemon.
Oct  7 21:34:27 ShwetRaj systemd: Started Install ABRT coredump hook.
Oct  7 21:34:27 ShwetRaj systemd: Started Kernel Samepage Merging.
Oct  7 21:34:27 ShwetRaj systemd: Started Resets System Activity Logs.
Oct  7 21:34:27 ShwetRaj systemd: Received SIGRTMIN+21 from PID 262 (plymouthd).
Oct  7 21:34:27 ShwetRaj systemd: Started Machine Check Exception Logging Daemon.
Oct  7 21:34:27 ShwetRaj systemd-logind: New seat seat0.
Oct  7 21:34:27 ShwetRaj systemd-logind: Watching system buttons on /dev/input/event0 (Power Button)
Oct  7 21:34:27 ShwetRaj systemd: Started Virtual Machine and Container Registration Service.
Oct  7 21:34:27 ShwetRaj systemd: Started Login Service.
Oct  7 21:34:27 ShwetRaj systemd-logind: Watching system buttons on /dev/input/event1 (Sleep Button)
Oct  7 21:34:27 ShwetRaj systemd-logind: Watching system buttons on /dev/input/event5 (Video Bus)
Oct  7 21:34:27 ShwetRaj systemd: Starting Kernel Samepage Merging (KSM) Tuning Daemon...
Oct  7 21:34:27 ShwetRaj systemd: Reached target NFS client services.
Oct  7 21:34:27 ShwetRaj dbus[703]: [system] Activating via systemd: service name='org.freedesktop.PolicyKit1' unit='polkit.service'
Oct  7 21:34:27 ShwetRaj systemd: Started Kernel Samepage Merging (KSM) Tuning Daemon.
Oct  7 21:34:27 ShwetRaj ModemManager[758]: <info>  ModemManager (version 1.6.10-3.el7_6) starting in system bus...
Oct  7 21:34:28 ShwetRaj dbus[703]: [system] Successfully activated service 'org.freedesktop.PolicyKit1'
Oct  7 21:34:28 ShwetRaj systemd: Started Authorization Manager.
Oct  7 21:34:28 ShwetRaj accounts-daemon[687]: started daemon version 0.6.50
Oct  7 21:34:28 ShwetRaj systemd: Starting firewalld - dynamic firewall daemon...
Oct  7 21:34:28 ShwetRaj systemd: Started Accounts Service.
Oct  7 21:34:28 ShwetRaj systemd: Started Modem Manager.
Oct  7 21:34:28 ShwetRaj rngd: Enabling JITTER rng support
Oct  7 21:34:28 ShwetRaj rngd: Initalizing entropy source JITTER Entropy generator
Oct  7 21:34:30 ShwetRaj initial-setup: Starting Initial Setup GUI
Oct  7 21:34:30 ShwetRaj ModemManager[758]: <info>  Couldn't check support for device at '/sys/devices/pci0000:00/0000:00:03.0': not supported by any plugin
Oct  7 21:34:31 ShwetRaj systemd: Started Disk Manager.
Oct  7 21:34:31 ShwetRaj journal: Acquired the name org.freedesktop.UDisks2 on the system message bus
Oct  7 21:34:32 ShwetRaj systemd: Started VDO volume services.
Oct  7 21:34:34 ShwetRaj systemd: Started firewalld - dynamic firewall daemon.
Oct  7 21:34:34 ShwetRaj systemd: Reached target Network (Pre).
Oct  7 21:34:34 ShwetRaj systemd: Starting Network Manager...
Oct  7 21:34:34 ShwetRaj kernel: ip6_tables: (C) 2000-2006 Netfilter Core Team
Oct  7 21:34:34 ShwetRaj NetworkManager[833]: <info>  [1602086674.6101] NetworkManager (version 1.18.4-3.el7) is starting... (for the first time)
Oct  7 21:34:34 ShwetRaj NetworkManager[833]: <info>  [1602086674.6131] Read config: /etc/NetworkManager/NetworkManager.conf (lib: 10-slaves-order.conf)
Oct  7 21:34:34 ShwetRaj systemd: Started Network Manager.
Oct  7 21:34:34 ShwetRaj systemd: Starting Network Manager Wait Online...
Oct  7 21:34:34 ShwetRaj NetworkManager[833]: <info>  [1602086674.6621] bus-manager: acquired D-Bus service "org.freedesktop.NetworkManager"
Oct  7 21:34:34 ShwetRaj NetworkManager[833]: <info>  [1602086674.7047] manager[0x55f5d29e8020]: monitoring kernel firmware directory '/lib/firmware'.
Oct  7 21:34:34 ShwetRaj dbus[703]: [system] Activating via systemd: service name='org.freedesktop.hostname1' unit='dbus-org.freedesktop.hostname1.service'
Oct  7 21:34:34 ShwetRaj systemd: Starting Hostname Service...
Oct  7 21:34:35 ShwetRaj dbus[703]: [system] Successfully activated service 'org.freedesktop.hostname1'
Oct  7 21:34:35 ShwetRaj systemd: Started Hostname Service.
Oct  7 21:34:35 ShwetRaj NetworkManager[833]: <info>  [1602086675.1740] hostname: hostname: using hostnamed
Oct  7 21:34:35 ShwetRaj NetworkManager[833]: <info>  [1602086675.1740] hostname: hostname changed from (none) to "ShwetRaj"
Oct  7 21:34:35 ShwetRaj NetworkManager[833]: <info>  [1602086675.1764] dns-mgr[0x55f5d29cf220]: init: dns=default,systemd-resolved rc-manager=file
Oct  7 21:34:35 ShwetRaj dbus[703]: [system] Activating via systemd: service name='org.freedesktop.nm_dispatcher' unit='dbus-org.freedesktop.nm-dispatcher.service'
Oct  7 21:34:35 ShwetRaj systemd: Starting Network Manager Script Dispatcher Service...
Oct  7 21:34:35 ShwetRaj kernel: Ebtables v2.0 registered
Oct  7 21:34:35 ShwetRaj dbus[703]: [system] Successfully activated service 'org.freedesktop.nm_dispatcher'
Oct  7 21:34:35 ShwetRaj systemd: Started Network Manager Script Dispatcher Service.
Oct  7 21:34:35 ShwetRaj NetworkManager[833]: <info>  [1602086675.3750] settings: Loaded settings plugin: SettingsPluginIfcfg ("/usr/lib64/NetworkManager/1.18.4-3.el7/libnm-settings-plugin-ifcfg-rh.so")
Oct  7 21:34:35 ShwetRaj NetworkManager[833]: <info>  [1602086675.4058] settings: Loaded settings plugin: NMSIbftPlugin ("/usr/lib64/NetworkManager/1.18.4-3.el7/libnm-settings-plugin-ibft.so")
Oct  7 21:34:35 ShwetRaj NetworkManager[833]: <info>  [1602086675.4060] settings: Loaded settings plugin: NMSKeyfilePlugin (internal)
Oct  7 21:34:35 ShwetRaj NetworkManager[833]: <info>  [1602086675.4586] ifcfg-rh: new connection /etc/sysconfig/network-scripts/ifcfg-enp0s3 (8cddfbda-6bb3-497f-a8f1-110542c43728,"enp0s3")
Oct  7 21:34:35 ShwetRaj kernel: Netfilter messages via NETLINK v0.30.
Oct  7 21:34:35 ShwetRaj NetworkManager[833]: <info>  [1602086675.6309] manager: rfkill: Wi-Fi enabled by radio killswitch; enabled by state file
Oct  7 21:34:35 ShwetRaj NetworkManager[833]: <info>  [1602086675.6334] manager: rfkill: WWAN enabled by radio killswitch; enabled by state file
Oct  7 21:34:35 ShwetRaj NetworkManager[833]: <info>  [1602086675.6348] manager: Networking is enabled by state file
Oct  7 21:34:35 ShwetRaj nm-dispatcher: req:1 'hostname': new request (4 scripts)
Oct  7 21:34:35 ShwetRaj nm-dispatcher: req:1 'hostname': start running ordered scripts...
Oct  7 21:34:35 ShwetRaj NetworkManager[833]: <info>  [1602086675.6576] dhcp-init: Using DHCP client 'dhclient'
Oct  7 21:34:35 ShwetRaj NetworkManager[833]: <info>  [1602086675.7409] Loaded device plugin: NMAtmManager (/usr/lib64/NetworkManager/1.18.4-3.el7/libnm-device-plugin-adsl.so)
Oct  7 21:34:35 ShwetRaj kernel: ip_set: protocol 7
Oct  7 21:34:35 ShwetRaj NetworkManager[833]: <info>  [1602086675.8977] Loaded device plugin: NMTeamFactory (/usr/lib64/NetworkManager/1.18.4-3.el7/libnm-device-plugin-team.so)
Oct  7 21:34:35 ShwetRaj NetworkManager[833]: <info>  [1602086675.9452] Loaded device plugin: NMWifiFactory (/usr/lib64/NetworkManager/1.18.4-3.el7/libnm-device-plugin-wifi.so)
Oct  7 21:34:35 ShwetRaj NetworkManager[833]: <info>  [1602086675.9537] device (lo): carrier: link connected
Oct  7 21:34:35 ShwetRaj NetworkManager[833]: <info>  [1602086675.9561] manager: (lo): new Generic device (/org/freedesktop/NetworkManager/Devices/1)
Oct  7 21:34:35 ShwetRaj NetworkManager[833]: <info>  [1602086675.9625] manager: (enp0s3): new Ethernet device (/org/freedesktop/NetworkManager/Devices/2)
Oct  7 21:34:35 ShwetRaj NetworkManager[833]: <info>  [1602086675.9732] device (enp0s3): state change: unmanaged -> unavailable (reason 'managed', sys-iface-state: 'external')
Oct  7 21:34:35 ShwetRaj kernel: IPv6: ADDRCONF(NETDEV_UP): enp0s3: link is not ready
Oct  7 21:34:35 ShwetRaj kernel: e1000: enp0s3 NIC Link is Up 1000 Mbps Full Duplex, Flow Control: RX
Oct  7 21:34:35 ShwetRaj NetworkManager[833]: <info>  [1602086675.9835] device (enp0s3): carrier: link connected
Oct  7 21:34:35 ShwetRaj kernel: IPv6: ADDRCONF(NETDEV_UP): enp0s3: link is not ready
Oct  7 21:34:35 ShwetRaj kernel: IPv6: ADDRCONF(NETDEV_CHANGE): enp0s3: link becomes ready
Oct  7 21:34:36 ShwetRaj nm-dispatcher: req:2 'connectivity-change': new request (4 scripts)
Oct  7 21:34:36 ShwetRaj nm-dispatcher: req:2 'connectivity-change': start running ordered scripts...
Oct  7 21:34:36 ShwetRaj NetworkManager[833]: <info>  [1602086676.1016] device (enp0s3): state change: unavailable -> disconnected (reason 'none', sys-iface-state: 'managed')
Oct  7 21:34:36 ShwetRaj NetworkManager[833]: <info>  [1602086676.1349] policy: auto-activating connection 'enp0s3' (8cddfbda-6bb3-497f-a8f1-110542c43728)
Oct  7 21:34:36 ShwetRaj NetworkManager[833]: <info>  [1602086676.1659] device (enp0s3): Activation: starting connection 'enp0s3' (8cddfbda-6bb3-497f-a8f1-110542c43728)
Oct  7 21:34:36 ShwetRaj NetworkManager[833]: <info>  [1602086676.1688] device (enp0s3): state change: disconnected -> prepare (reason 'none', sys-iface-state: 'managed')
Oct  7 21:34:36 ShwetRaj NetworkManager[833]: <info>  [1602086676.1747] manager: NetworkManager state is now CONNECTING
Oct  7 21:34:36 ShwetRaj NetworkManager[833]: <info>  [1602086676.1791] device (enp0s3): state change: prepare -> config (reason 'none', sys-iface-state: 'managed')
Oct  7 21:34:36 ShwetRaj initial-setup: Running Metacity with custom overrides
Oct  7 21:34:36 ShwetRaj initial-setup: Running (/usr/libexec/initial-setup/initial-setup-graphical)
Oct  7 21:34:38 ShwetRaj kernel: nf_conntrack version 0.5.0 (16384 buckets, 65536 max)
Oct  7 21:34:39 ShwetRaj kernel: bridge: filtering via arp/ip/ip6tables is no longer available by default. Update your scripts to load br_netfilter if you need this.
Oct  7 21:34:41 ShwetRaj NetworkManager[833]: <info>  [1602086681.9848] device (enp0s3): state change: config -> ip-config (reason 'none', sys-iface-state: 'managed')
Oct  7 21:34:41 ShwetRaj NetworkManager[833]: <info>  [1602086681.9862] dhcp4 (enp0s3): activation: beginning transaction (timeout in 45 seconds)
Oct  7 21:34:42 ShwetRaj NetworkManager[833]: <info>  [1602086682.1694] dhcp4 (enp0s3): dhclient started with pid 990
Oct  7 21:34:42 ShwetRaj avahi-daemon[689]: Registering new address record for fe80::e351:3cea:2834:1b16 on enp0s3.*.
Oct  7 21:34:42 ShwetRaj dhclient[990]: DHCPDISCOVER on enp0s3 to 255.255.255.255 port 67 interval 3 (xid=0x30aa747e)
Oct  7 21:34:42 ShwetRaj dhclient[990]: DHCPREQUEST on enp0s3 to 255.255.255.255 port 67 (xid=0x30aa747e)
Oct  7 21:34:42 ShwetRaj dhclient[990]: DHCPOFFER from 10.0.2.2
Oct  7 21:34:42 ShwetRaj dhclient[990]: DHCPACK from 10.0.2.2 (xid=0x30aa747e)
Oct  7 21:34:42 ShwetRaj NetworkManager[833]: <info>  [1602086682.6239] dhcp4 (enp0s3):   address 10.0.2.15
Oct  7 21:34:42 ShwetRaj NetworkManager[833]: <info>  [1602086682.6240] dhcp4 (enp0s3):   plen 24 (255.255.255.0)
Oct  7 21:34:42 ShwetRaj NetworkManager[833]: <info>  [1602086682.6240] dhcp4 (enp0s3):   gateway 10.0.2.2
Oct  7 21:34:42 ShwetRaj NetworkManager[833]: <info>  [1602086682.6240] dhcp4 (enp0s3):   lease time 86400
Oct  7 21:34:42 ShwetRaj NetworkManager[833]: <info>  [1602086682.6240] dhcp4 (enp0s3):   nameserver '10.0.2.3'
Oct  7 21:34:42 ShwetRaj NetworkManager[833]: <info>  [1602086682.6241] dhcp4 (enp0s3): state changed unknown -> bound
Oct  7 21:34:42 ShwetRaj avahi-daemon[689]: Joining mDNS multicast group on interface enp0s3.IPv4 with address 10.0.2.15.
Oct  7 21:34:42 ShwetRaj avahi-daemon[689]: New relevant interface enp0s3.IPv4 for mDNS.
Oct  7 21:34:42 ShwetRaj avahi-daemon[689]: Registering new address record for 10.0.2.15 on enp0s3.IPv4.
Oct  7 21:34:42 ShwetRaj NetworkManager[833]: <info>  [1602086682.6383] device (enp0s3): state change: ip-config -> ip-check (reason 'none', sys-iface-state: 'managed')
Oct  7 21:34:42 ShwetRaj NetworkManager[833]: <info>  [1602086682.6491] device (enp0s3): state change: ip-check -> secondaries (reason 'none', sys-iface-state: 'managed')
Oct  7 21:34:42 ShwetRaj NetworkManager[833]: <info>  [1602086682.6542] device (enp0s3): state change: secondaries -> activated (reason 'none', sys-iface-state: 'managed')
Oct  7 21:34:42 ShwetRaj dhclient[990]: bound to 10.0.2.15 -- renewal in 37061 seconds.
Oct  7 21:34:42 ShwetRaj NetworkManager[833]: <info>  [1602086682.6600] manager: NetworkManager state is now CONNECTED_LOCAL
Oct  7 21:34:42 ShwetRaj NetworkManager[833]: <info>  [1602086682.6721] manager: NetworkManager state is now CONNECTED_SITE
Oct  7 21:34:42 ShwetRaj NetworkManager[833]: <info>  [1602086682.6745] policy: set 'enp0s3' (enp0s3) as default for IPv4 routing and DNS
Oct  7 21:34:42 ShwetRaj NetworkManager[833]: <info>  [1602086682.8515] device (enp0s3): Activation: successful, device activated.
Oct  7 21:34:42 ShwetRaj nm-dispatcher: req:3 'up' [enp0s3]: new request (4 scripts)
Oct  7 21:34:42 ShwetRaj nm-dispatcher: req:3 'up' [enp0s3]: start running ordered scripts...
Oct  7 21:34:42 ShwetRaj NetworkManager[833]: <info>  [1602086682.8621] manager: NetworkManager state is now CONNECTED_GLOBAL
Oct  7 21:34:42 ShwetRaj NetworkManager[833]: <info>  [1602086682.8686] manager: startup complete
Oct  7 21:34:42 ShwetRaj nm-dispatcher: req:4 'connectivity-change': new request (4 scripts)
Oct  7 21:34:42 ShwetRaj systemd: Started Network Manager Wait Online.
Oct  7 21:34:42 ShwetRaj systemd: Starting LSB: Bring up/down networking...
Oct  7 21:34:43 ShwetRaj nm-dispatcher: req:4 'connectivity-change': start running ordered scripts...
Oct  7 21:34:46 ShwetRaj network: Bringing up loopback interface:  [  OK  ]
Oct  7 21:34:46 ShwetRaj network: Bringing up interface enp0s3:  [  OK  ]
Oct  7 21:34:46 ShwetRaj systemd: Started LSB: Bring up/down networking.
Oct  7 21:34:46 ShwetRaj systemd: Reached target Network.
Oct  7 21:34:46 ShwetRaj systemd: Started CUPS Printing Service.
Oct  7 21:34:46 ShwetRaj systemd: Starting Logout off all iSCSI sessions on shutdown...
Oct  7 21:34:46 ShwetRaj systemd: Starting Postfix Mail Transport Agent...
Oct  7 21:34:46 ShwetRaj systemd: Starting Dynamic System Tuning Daemon...
Oct  7 21:34:46 ShwetRaj systemd: Starting OpenSSH server daemon...
Oct  7 21:34:46 ShwetRaj systemd: Reached target Network is Online.
Oct  7 21:34:46 ShwetRaj systemd: Starting Notify NFS peers of a restart...
Oct  7 21:34:46 ShwetRaj systemd: Starting System Logging Service...
Oct  7 21:34:46 ShwetRaj systemd: Started Logout off all iSCSI sessions on shutdown.
Oct  7 21:34:46 ShwetRaj systemd: Reached target Remote File Systems (Pre).
Oct  7 21:34:46 ShwetRaj systemd: Reached target Remote File Systems.
Oct  7 21:34:46 ShwetRaj sm-notify[1183]: Version 1.3.0 starting
Oct  7 21:34:46 ShwetRaj systemd: Starting Virtualization daemon...
Oct  7 21:34:46 ShwetRaj systemd: Starting Crash recovery kernel arming...
Oct  7 21:34:46 ShwetRaj systemd: Starting Permit User Sessions...
Oct  7 21:34:46 ShwetRaj systemd: Starting Availability of block devices...
Oct  7 21:34:46 ShwetRaj systemd: Started Notify NFS peers of a restart.
Oct  7 21:34:46 ShwetRaj systemd: Started Availability of block devices.
Oct  7 21:34:46 ShwetRaj systemd: Started Permit User Sessions.
Oct  7 21:34:46 ShwetRaj systemd: Started Command Scheduler.
Oct  7 21:34:46 ShwetRaj systemd: Started Job spooling tools.
Oct  7 21:34:46 ShwetRaj systemd: Started OpenSSH server daemon.
Oct  7 21:34:47 ShwetRaj rsyslogd: [origin software="rsyslogd" swVersion="8.24.0-52.el7" x-pid="1185" x-info="http://www.rsyslog.com"] start
Oct  7 21:34:47 ShwetRaj systemd: Started System Logging Service.
Oct  7 21:34:47 ShwetRaj kdumpctl: No kdump initial ramdisk found.
Oct  7 21:34:47 ShwetRaj kdumpctl: Rebuilding /boot/initramfs-3.10.0-1127.el7.x86_64kdump.img
Oct  7 21:34:49 ShwetRaj initial-setup: Initial Setup 0.3.9.45
Oct  7 21:34:49 ShwetRaj systemd: Started Virtualization daemon.
Oct  7 21:34:49 ShwetRaj initial-setup: found 3 addon modules:
Oct  7 21:34:50 ShwetRaj initial-setup: parsing input kickstart /root/anaconda-ks.cfg
Oct  7 21:34:50 ShwetRaj initial-setup: kickstart parsing done
Oct  7 21:34:50 ShwetRaj systemd: Started Dynamic System Tuning Daemon.
Oct  7 21:34:51 ShwetRaj libvirtd: 2020-10-07 16:04:51.353+0000: 1536: info : libvirt version: 4.5.0, package: 33.el7 (CentOS BuildSystem <http://bugs.centos.org>, 2020-04-01-03:25:53, x86-01.bsys.centos.org)
Oct  7 21:34:51 ShwetRaj libvirtd: 2020-10-07 16:04:51.353+0000: 1536: info : hostname: ShwetRaj
Oct  7 21:34:51 ShwetRaj libvirtd: 2020-10-07 16:04:51.353+0000: 1536: error : virHostCPUGetTscInfo:1389 : Unable to open /dev/kvm: No such file or directory
Oct  7 21:34:51 ShwetRaj systemd: Started Postfix Mail Transport Agent.
Oct  7 21:34:52 ShwetRaj dracut: dracut-033-568.el7
Oct  7 21:34:53 ShwetRaj dracut: Executing: /usr/sbin/dracut --quiet --hostonly --hostonly-cmdline --hostonly-i18n --hostonly-mode strict -o "plymouth dash resume ifcfg" --mount "/dev/mapper/centos-root /sysroot xfs defaults" --no-hostonly-default-device -f /boot/initramfs-3.10.0-1127.el7.x86_64kdump.img 3.10.0-1127.el7.x86_64
Oct  7 21:34:53 ShwetRaj org.a11y.Bus: Activating service name='org.a11y.atspi.Registry'
Oct  7 21:34:53 ShwetRaj anaconda: /usr/lib/python2.7/site-packages/meh/ui/gui.py:23: PyGIWarning: Gtk was imported without specifying a version first. Use gi.require_version('Gtk', '3.0') before import to ensure that the right version gets loaded.#012  from gi.repository import Gtk
Oct  7 21:34:53 ShwetRaj libvirtd: 2020-10-07 16:04:53.806+0000: 1536: error : virHostCPUGetTscInfo:1389 : Unable to open /dev/kvm: No such file or directory
Oct  7 21:34:53 ShwetRaj libvirtd: 2020-10-07 16:04:53.808+0000: 1536: error : virHostCPUGetTscInfo:1389 : Unable to open /dev/kvm: No such file or directory
Oct  7 21:34:53 ShwetRaj org.a11y.Bus: Successfully activated service 'org.a11y.atspi.Registry'
Oct  7 21:34:53 ShwetRaj org.a11y.atspi.Registry: SpiRegistry daemon is running with well-known name - org.a11y.atspi.Registry
Oct  7 21:34:53 ShwetRaj NetworkManager[833]: <info>  [1602086693.8440] manager: (virbr0): new Bridge device (/org/freedesktop/NetworkManager/Devices/3)
Oct  7 21:34:53 ShwetRaj kernel: tun: Universal TUN/TAP device driver, 1.6
Oct  7 21:34:53 ShwetRaj kernel: tun: (C) 1999-2004 Max Krasnyansky <maxk@qualcomm.com>
Oct  7 21:34:54 ShwetRaj kernel: virbr0: port 1(virbr0-nic) entered blocking state
Oct  7 21:34:54 ShwetRaj kernel: virbr0: port 1(virbr0-nic) entered disabled state
Oct  7 21:34:54 ShwetRaj kernel: device virbr0-nic entered promiscuous mode
Oct  7 21:34:54 ShwetRaj NetworkManager[833]: <info>  [1602086694.0404] manager: (virbr0-nic): new Tun device (/org/freedesktop/NetworkManager/Devices/4)
Oct  7 21:34:54 ShwetRaj NetworkManager[833]: <info>  [1602086694.0967] device (virbr0-nic): state change: unmanaged -> unavailable (reason 'connection-assumed', sys-iface-state: 'external')
Oct  7 21:34:54 ShwetRaj NetworkManager[833]: <info>  [1602086694.0989] device (virbr0-nic): state change: unavailable -> disconnected (reason 'none', sys-iface-state: 'external')
Oct  7 21:34:54 ShwetRaj kernel: virbr0: port 1(virbr0-nic) entered blocking state
Oct  7 21:34:54 ShwetRaj kernel: virbr0: port 1(virbr0-nic) entered listening state
Oct  7 21:34:54 ShwetRaj kernel: IPv6: ADDRCONF(NETDEV_UP): virbr0: link is not ready
Oct  7 21:34:54 ShwetRaj NetworkManager[833]: <info>  [1602086694.6680] device (virbr0): state change: unmanaged -> unavailable (reason 'connection-assumed', sys-iface-state: 'external')
Oct  7 21:34:54 ShwetRaj NetworkManager[833]: <info>  [1602086694.6732] ifcfg-rh: add connection in-memory (39cc0201-7ee7-4ea4-be24-ed398c603889,"virbr0")
Oct  7 21:34:54 ShwetRaj NetworkManager[833]: <info>  [1602086694.6745] device (virbr0): state change: unavailable -> disconnected (reason 'connection-assumed', sys-iface-state: 'external')
Oct  7 21:34:54 ShwetRaj NetworkManager[833]: <info>  [1602086694.6761] device (virbr0): Activation: starting connection 'virbr0' (39cc0201-7ee7-4ea4-be24-ed398c603889)
Oct  7 21:34:54 ShwetRaj NetworkManager[833]: <info>  [1602086694.6764] device (virbr0): state change: disconnected -> prepare (reason 'none', sys-iface-state: 'external')
Oct  7 21:34:54 ShwetRaj NetworkManager[833]: <info>  [1602086694.6771] device (virbr0): state change: prepare -> config (reason 'none', sys-iface-state: 'external')
Oct  7 21:34:54 ShwetRaj NetworkManager[833]: <info>  [1602086694.6792] keyfile: add connection /var/run/NetworkManager/system-connections/virbr0-nic.nmconnection (9a4cde61-e610-4561-9f03-fbf5fe915a86,"virbr0-nic")
Oct  7 21:34:54 ShwetRaj NetworkManager[833]: <info>  [1602086694.6801] device (virbr0-nic): Activation: starting connection 'virbr0-nic' (9a4cde61-e610-4561-9f03-fbf5fe915a86)
Oct  7 21:34:54 ShwetRaj NetworkManager[833]: <info>  [1602086694.6803] device (virbr0): state change: config -> ip-config (reason 'none', sys-iface-state: 'external')
Oct  7 21:34:54 ShwetRaj NetworkManager[833]: <info>  [1602086694.6807] device (virbr0): state change: ip-config -> ip-check (reason 'none', sys-iface-state: 'external')
Oct  7 21:34:54 ShwetRaj NetworkManager[833]: <info>  [1602086694.6819] device (virbr0-nic): state change: disconnected -> prepare (reason 'none', sys-iface-state: 'external')
Oct  7 21:34:54 ShwetRaj NetworkManager[833]: <info>  [1602086694.6826] device (virbr0-nic): state change: prepare -> config (reason 'none', sys-iface-state: 'external')
Oct  7 21:34:54 ShwetRaj NetworkManager[833]: <info>  [1602086694.6829] device (virbr0): state change: ip-check -> secondaries (reason 'none', sys-iface-state: 'external')
Oct  7 21:34:54 ShwetRaj NetworkManager[833]: <info>  [1602086694.6833] device (virbr0-nic): state change: config -> ip-config (reason 'none', sys-iface-state: 'external')
Oct  7 21:34:54 ShwetRaj NetworkManager[833]: <info>  [1602086694.6836] device (virbr0): bridge port virbr0-nic was attached
Oct  7 21:34:54 ShwetRaj NetworkManager[833]: <info>  [1602086694.6836] device (virbr0-nic): Activation: connection 'virbr0-nic' enslaved, continuing activation
Oct  7 21:34:54 ShwetRaj NetworkManager[833]: <info>  [1602086694.6844] device (virbr0-nic): state change: ip-config -> ip-check (reason 'none', sys-iface-state: 'external')
Oct  7 21:34:54 ShwetRaj NetworkManager[833]: <info>  [1602086694.6853] device (virbr0): state change: secondaries -> activated (reason 'none', sys-iface-state: 'external')
Oct  7 21:34:54 ShwetRaj avahi-daemon[689]: Joining mDNS multicast group on interface virbr0.IPv4 with address 192.168.122.1.
Oct  7 21:34:54 ShwetRaj avahi-daemon[689]: New relevant interface virbr0.IPv4 for mDNS.
Oct  7 21:34:54 ShwetRaj avahi-daemon[689]: Registering new address record for 192.168.122.1 on virbr0.IPv4.
Oct  7 21:34:54 ShwetRaj NetworkManager[833]: <info>  [1602086694.9474] device (virbr0): Activation: successful, device activated.
Oct  7 21:34:54 ShwetRaj NetworkManager[833]: <info>  [1602086694.9498] device (virbr0-nic): state change: ip-check -> secondaries (reason 'none', sys-iface-state: 'external')
Oct  7 21:34:54 ShwetRaj NetworkManager[833]: <info>  [1602086694.9506] device (virbr0-nic): state change: secondaries -> activated (reason 'none', sys-iface-state: 'external')
Oct  7 21:34:54 ShwetRaj dbus[703]: [system] Activating via systemd: service name='org.freedesktop.nm_dispatcher' unit='dbus-org.freedesktop.nm-dispatcher.service'
Oct  7 21:34:54 ShwetRaj systemd: Starting Network Manager Script Dispatcher Service...
Oct  7 21:34:55 ShwetRaj dbus[703]: [system] Successfully activated service 'org.freedesktop.nm_dispatcher'
Oct  7 21:34:55 ShwetRaj systemd: Started Network Manager Script Dispatcher Service.
Oct  7 21:34:55 ShwetRaj nm-dispatcher: req:1 'up' [virbr0]: new request (4 scripts)
Oct  7 21:34:55 ShwetRaj nm-dispatcher: req:1 'up' [virbr0]: start running ordered scripts...
Oct  7 21:34:55 ShwetRaj dnsmasq[2019]: started, version 2.76 cachesize 150
Oct  7 21:34:55 ShwetRaj dnsmasq[2019]: compile time options: IPv6 GNU-getopt DBus no-i18n IDN DHCP DHCPv6 no-Lua TFTP no-conntrack ipset auth no-DNSSEC loop-detect inotify
Oct  7 21:34:55 ShwetRaj dnsmasq-dhcp[2019]: DHCP, IP range 192.168.122.2 -- 192.168.122.254, lease time 1h
Oct  7 21:34:55 ShwetRaj dnsmasq-dhcp[2019]: DHCP, sockets bound exclusively to interface virbr0
Oct  7 21:34:55 ShwetRaj dnsmasq[2019]: reading /etc/resolv.conf
Oct  7 21:34:55 ShwetRaj dnsmasq[2019]: using nameserver 10.0.2.3#53
Oct  7 21:34:55 ShwetRaj dnsmasq[2019]: read /etc/hosts - 2 addresses
Oct  7 21:34:55 ShwetRaj dnsmasq[2019]: read /var/lib/libvirt/dnsmasq/default.addnhosts - 0 addresses
Oct  7 21:34:55 ShwetRaj dnsmasq-dhcp[2019]: read /var/lib/libvirt/dnsmasq/default.hostsfile
Oct  7 21:34:55 ShwetRaj kernel: virbr0: port 1(virbr0-nic) entered disabled state
Oct  7 21:34:55 ShwetRaj systemd: Unit iscsi.service cannot be reloaded because it is inactive.
Oct  7 21:34:55 ShwetRaj NetworkManager[833]: <info>  [1602086695.1796] device (virbr0-nic): Activation: successful, device activated.
Oct  7 21:34:55 ShwetRaj NetworkManager[833]: <info>  [1602086695.1818] device (virbr0-nic): state change: activated -> unmanaged (reason 'connection-assumed', sys-iface-state: 'external')
Oct  7 21:34:55 ShwetRaj NetworkManager[833]: <info>  [1602086695.1841] device (virbr0): bridge port virbr0-nic was detached
Oct  7 21:34:55 ShwetRaj NetworkManager[833]: <info>  [1602086695.1843] device (virbr0-nic): released from master device virbr0
Oct  7 21:34:55 ShwetRaj nm-dispatcher: req:2 'up' [virbr0-nic]: new request (4 scripts)
Oct  7 21:34:55 ShwetRaj nm-dispatcher: req:2 'up' [virbr0-nic]: start running ordered scripts...
Oct  7 21:34:55 ShwetRaj systemd: Unit iscsi.service cannot be reloaded because it is inactive.
Oct  7 21:34:55 ShwetRaj nm-dispatcher: req:3 'down' [virbr0-nic]: new request (4 scripts)
Oct  7 21:34:55 ShwetRaj nm-dispatcher: req:3 'down' [virbr0-nic]: start running ordered scripts...
Oct  7 21:34:55 ShwetRaj dracut: dracut module 'busybox' will not be installed, because command 'busybox' could not be found!
Oct  7 21:34:55 ShwetRaj dracut: dracut module 'ifcfg' will not be installed, because it's in the list to be omitted!
Oct  7 21:34:55 ShwetRaj dracut: dracut module 'plymouth' will not be installed, because it's in the list to be omitted!
Oct  7 21:34:55 ShwetRaj dracut: dracut module 'dmsquash-live-ntfs' will not be installed, because command 'ntfs-3g' could not be found!
Oct  7 21:34:56 ShwetRaj dracut: dracut module 'cifs' will not be installed, because command 'mount.cifs' could not be found!
Oct  7 21:34:56 ShwetRaj dracut: dracut module 'resume' will not be installed, because it's in the list to be omitted!
Oct  7 21:34:57 ShwetRaj dracut: dracut module 'busybox' will not be installed, because command 'busybox' could not be found!
Oct  7 21:34:57 ShwetRaj dracut: dracut module 'dmsquash-live-ntfs' will not be installed, because command 'ntfs-3g' could not be found!
Oct  7 21:34:57 ShwetRaj dracut: dracut module 'cifs' will not be installed, because command 'mount.cifs' could not be found!
Oct  7 21:34:58 ShwetRaj initial-setup: starting the UI
Oct  7 21:34:58 ShwetRaj dracut: *** Including module: bash ***
Oct  7 21:34:58 ShwetRaj dracut: *** Including module: nss-softokn ***
Oct  7 21:34:58 ShwetRaj dracut: *** Including module: i18n ***
Oct  7 21:34:58 ShwetRaj dracut: *** Including module: drm ***
Oct  7 21:34:59 ShwetRaj NetworkManager[833]: <info>  [1602086699.4343] agent-manager: req[0x55f5d2a4d860, :1.32/anaconda/0]: agent registered
Oct  7 21:35:01 ShwetRaj anaconda: Initialization controller for hub InitialSetupMainHub expected but missing.
Oct  7 21:35:03 ShwetRaj dracut: *** Including module: dm ***
Oct  7 21:35:03 ShwetRaj dracut: Skipping udev rule: 64-device-mapper.rules
Oct  7 21:35:03 ShwetRaj dracut: Skipping udev rule: 60-persistent-storage-dm.rules
Oct  7 21:35:03 ShwetRaj dracut: Skipping udev rule: 55-dm.rules
Oct  7 21:35:03 ShwetRaj dracut: *** Including module: kernel-modules ***
Oct  7 21:35:16 ShwetRaj initial-setup: applying changes
Oct  7 21:35:16 ShwetRaj initial-setup: executing kickstart
Oct  7 21:35:16 ShwetRaj initial-setup: executing addons
Oct  7 21:35:16 ShwetRaj initial-setup: writing the Initial Setup kickstart file /root/initial-setup-ks.cfg
Oct  7 21:35:16 ShwetRaj initial-setup: finished writing the Initial Setup kickstart file
Oct  7 21:35:16 ShwetRaj initial-setup: all changes have been applied
Oct  7 21:35:16 ShwetRaj initial-setup: Stopping the window manager (/usr/bin/metacity)
Oct  7 21:35:17 ShwetRaj initial-setup: Initial Setup finished successfully, disabling
Oct  7 21:35:18 ShwetRaj systemd: Reloading.
Oct  7 21:35:18 ShwetRaj systemd: Received SIGRTMIN+20 from PID 4829 (kill).
Oct  7 21:35:18 ShwetRaj systemd: Started Initial Setup configuration program.
Oct  7 21:35:18 ShwetRaj systemd: Starting GNOME Display Manager...
Oct  7 21:35:18 ShwetRaj systemd: Reached target Login Prompts (Pre).
Oct  7 21:35:19 ShwetRaj systemd: Started GNOME Display Manager.
Oct  7 21:35:20 ShwetRaj systemd: Created slice User Slice of gdm.
Oct  7 21:35:20 ShwetRaj systemd: Started Session c1 of user gdm.
Oct  7 21:35:20 ShwetRaj systemd-logind: New session c1 of user gdm.
Oct  7 21:35:21 ShwetRaj org.a11y.Bus: Activating service name='org.a11y.atspi.Registry'
Oct  7 21:35:21 ShwetRaj org.a11y.Bus: Successfully activated service 'org.a11y.atspi.Registry'
Oct  7 21:35:21 ShwetRaj org.a11y.atspi.Registry: SpiRegistry daemon is running with well-known name - org.a11y.atspi.Registry
Oct  7 21:35:21 ShwetRaj gnome-session: gnome-session-check-accelerated: GL Helper exited with code 512
Oct  7 21:35:21 ShwetRaj gnome-session: libEGL warning: DRI2: failed to authenticate
Oct  7 21:35:22 ShwetRaj gnome-session: gnome-session-check-accelerated: GLES Helper exited with code 512
Oct  7 21:35:22 ShwetRaj gnome-session: generating cookie with syscall
Oct  7 21:35:22 ShwetRaj gnome-session: generating cookie with syscall
Oct  7 21:35:22 ShwetRaj gnome-session: generating cookie with syscall
Oct  7 21:35:22 ShwetRaj gnome-session: generating cookie with syscall
Oct  7 21:35:23 ShwetRaj dbus[703]: [system] Activating via systemd: service name='org.freedesktop.UPower' unit='upower.service'
Oct  7 21:35:23 ShwetRaj systemd: Starting Daemon for power management...
Oct  7 21:35:23 ShwetRaj dbus[703]: [system] Successfully activated service 'org.freedesktop.UPower'
Oct  7 21:35:23 ShwetRaj systemd: Started Daemon for power management.
Oct  7 21:35:25 ShwetRaj rtkit-daemon[680]: Successfully made thread 5650 of process 5650 (/usr/bin/pulseaudio) owned by '42' high priority at nice level -11.
Oct  7 21:35:25 ShwetRaj pulseaudio[5650]: [pulseaudio] alsa-util.c: Disabling timer-based scheduling because running inside a VM.
Oct  7 21:35:25 ShwetRaj pulseaudio[5650]: [pulseaudio] sink.c: Default and alternate sample rates are the same.
Oct  7 21:35:25 ShwetRaj rtkit-daemon[680]: Successfully made thread 5724 of process 5650 (/usr/bin/pulseaudio) owned by '42' RT at priority 5.
Oct  7 21:35:25 ShwetRaj pulseaudio[5650]: [pulseaudio] alsa-util.c: Disabling timer-based scheduling because running inside a VM.
Oct  7 21:35:25 ShwetRaj rtkit-daemon[680]: Successfully made thread 5734 of process 5650 (/usr/bin/pulseaudio) owned by '42' RT at priority 5.
Oct  7 21:35:25 ShwetRaj pulseaudio[5650]: [alsa-source-Intel ICH] alsa-source.c: ALSA woke us up to read new data from the device, but there was actually nothing to read.
Oct  7 21:35:25 ShwetRaj pulseaudio[5650]: [alsa-source-Intel ICH] alsa-source.c: Most likely this is a bug in the ALSA driver 'snd_intel8x0'. Please report this issue to the ALSA developers.
Oct  7 21:35:25 ShwetRaj pulseaudio[5650]: [alsa-source-Intel ICH] alsa-source.c: We were woken up with POLLIN set -- however a subsequent snd_pcm_avail() returned 0 or another value < min_avail.
Oct  7 21:35:25 ShwetRaj pulseaudio[5650]: [pulseaudio] authkey.c: Failed to open cookie file '/var/lib/gdm/.config/pulse/cookie': No such file or directory
Oct  7 21:35:25 ShwetRaj pulseaudio[5650]: [pulseaudio] authkey.c: Failed to load authentication key '/var/lib/gdm/.config/pulse/cookie': No such file or directory
Oct  7 21:35:25 ShwetRaj pulseaudio[5650]: [pulseaudio] authkey.c: Failed to open cookie file '/var/lib/gdm/.pulse-cookie': No such file or directory
Oct  7 21:35:25 ShwetRaj pulseaudio[5650]: [pulseaudio] authkey.c: Failed to load authentication key '/var/lib/gdm/.pulse-cookie': No such file or directory
Oct  7 21:35:28 ShwetRaj dbus[703]: [system] Activating via systemd: service name='org.freedesktop.locale1' unit='dbus-org.freedesktop.locale1.service'
Oct  7 21:35:29 ShwetRaj systemd: Starting Locale Service...
Oct  7 21:35:29 ShwetRaj dbus[703]: [system] Successfully activated service 'org.freedesktop.locale1'
Oct  7 21:35:29 ShwetRaj systemd: Started Locale Service.
Oct  7 21:35:31 ShwetRaj dbus[703]: [system] Activating via systemd: service name='org.freedesktop.GeoClue2' unit='geoclue.service'
Oct  7 21:35:31 ShwetRaj systemd: Starting Location Lookup Service...
Oct  7 21:35:31 ShwetRaj dbus[703]: [system] Activating via systemd: service name='org.freedesktop.bolt' unit='bolt.service'
Oct  7 21:35:31 ShwetRaj systemd: Starting Thunderbolt system service...
Oct  7 21:35:31 ShwetRaj dbus[703]: [system] Activating via systemd: service name='org.freedesktop.PackageKit' unit='packagekit.service'
Oct  7 21:35:32 ShwetRaj systemd: Starting PackageKit Daemon...
Oct  7 21:35:32 ShwetRaj journal: bolt 0.7 starting up.
Oct  7 21:35:32 ShwetRaj dbus[703]: [system] Activating via systemd: service name='fi.w1.wpa_supplicant1' unit='wpa_supplicant.service'
Oct  7 21:35:32 ShwetRaj systemd: Starting WPA Supplicant daemon...
Oct  7 21:35:32 ShwetRaj journal: config: loading user config
Oct  7 21:35:32 ShwetRaj journal: bouncer: initializing polkit
Oct  7 21:35:32 ShwetRaj journal: udev: initializing udev
Oct  7 21:35:32 ShwetRaj journal: store: loading domains
Oct  7 21:35:32 ShwetRaj journal: store: loading devices
Oct  7 21:35:32 ShwetRaj journal: power: force power support: no
Oct  7 21:35:32 ShwetRaj journal: udev: enumerating devices
Oct  7 21:35:32 ShwetRaj dbus[703]: [system] Successfully activated service 'org.freedesktop.bolt'
Oct  7 21:35:32 ShwetRaj systemd: Started Thunderbolt system service.
Oct  7 21:35:32 ShwetRaj dbus[703]: [system] Successfully activated service 'fi.w1.wpa_supplicant1'
Oct  7 21:35:32 ShwetRaj systemd: Started WPA Supplicant daemon.
Oct  7 21:35:32 ShwetRaj dbus[703]: [system] Successfully activated service 'org.freedesktop.GeoClue2'
Oct  7 21:35:32 ShwetRaj systemd: Started Location Lookup Service.
Oct  7 21:35:32 ShwetRaj dbus[703]: [system] Successfully activated service 'org.freedesktop.PackageKit'
Oct  7 21:35:32 ShwetRaj systemd: Started PackageKit Daemon.
Oct  7 21:35:33 ShwetRaj dbus[703]: [system] Activating via systemd: service name='org.freedesktop.hostname1' unit='dbus-org.freedesktop.hostname1.service'
Oct  7 21:35:33 ShwetRaj systemd: Starting Hostname Service...
Oct  7 21:35:33 ShwetRaj dbus[703]: [system] Activating via systemd: service name='org.freedesktop.ColorManager' unit='colord.service'
Oct  7 21:35:33 ShwetRaj systemd: Starting Manage, Install and Generate Color Profiles...
Oct  7 21:35:33 ShwetRaj dbus[703]: [system] Successfully activated service 'org.freedesktop.hostname1'
Oct  7 21:35:33 ShwetRaj systemd: Started Hostname Service.
Oct  7 21:35:33 ShwetRaj journal: failed to get edid data: EDID length is too small
Oct  7 21:35:34 ShwetRaj dbus[703]: [system] Successfully activated service 'org.freedesktop.ColorManager'
Oct  7 21:35:34 ShwetRaj systemd: Started Manage, Install and Generate Color Profiles.
Oct  7 21:35:34 ShwetRaj spice-vdagent[6596]: Cannot access vdagent virtio channel /dev/virtio-ports/com.redhat.spice.0
Oct  7 21:35:34 ShwetRaj gnome-session: gnome-session-binary[5034]: WARNING: App 'spice-vdagent.desktop' exited with code 1
Oct  7 21:35:34 ShwetRaj gnome-session-binary[5034]: WARNING: App 'spice-vdagent.desktop' exited with code 1
Oct  7 21:35:34 ShwetRaj gnome-session-binary: Entering running state
Oct  7 21:35:34 ShwetRaj spice-streaming-agent[6602]: Failed to open the streaming device "/dev/virtio-ports/org.spice-space.stream.0": 2 - No such file or directory
Oct  7 21:35:34 ShwetRaj dbus[703]: [system] Activating via systemd: service name='net.reactivated.Fprint' unit='fprintd.service'
Oct  7 21:35:34 ShwetRaj systemd: Starting Fingerprint Authentication Daemon...
Oct  7 21:35:35 ShwetRaj dbus[703]: [system] Successfully activated service 'net.reactivated.Fprint'
Oct  7 21:35:35 ShwetRaj systemd: Started Fingerprint Authentication Daemon.
Oct  7 21:35:35 ShwetRaj journal: Some code accessed the property 'AuthList' on the module 'authList'. That property was defined with 'let' or 'const' inside the module. This was previously supported, but is not correct according to the ES6 standard. Any symbols to be exported from a module must be defined with 'var'. The property access will work as previously for the time being, but please fix your code anyway.
Oct  7 21:35:35 ShwetRaj dbus[703]: [system] Activating via systemd: service name='org.freedesktop.realmd' unit='realmd.service'
Oct  7 21:35:35 ShwetRaj systemd: Starting Realm and Domain Configuration...
Oct  7 21:35:35 ShwetRaj dbus[703]: [system] Successfully activated service 'org.freedesktop.realmd'
Oct  7 21:35:35 ShwetRaj systemd: Started Realm and Domain Configuration.
Oct  7 21:35:36 ShwetRaj org.gnome.Shell.desktop: Window manager warning: "XF86RFKill" is not a valid accelerator
Oct  7 21:35:36 ShwetRaj journal: Error looking up permission: GDBus.Error:org.freedesktop.portal.Error.NotFound: No entry for geolocation
Oct  7 21:35:37 ShwetRaj journal: failed to get edid: unable to get EDID for output
Oct  7 21:35:37 ShwetRaj journal: JS WARNING: [resource:///org/gnome/shell/ui/layout.js 29]: reference to undefined property "MetaWindowX11"
Oct  7 21:35:38 ShwetRaj journal: unable to get EDID for xrandr-Virtual1: unable to get EDID for output
Oct  7 21:35:38 ShwetRaj dracut: *** Including module: lvm ***
Oct  7 21:35:39 ShwetRaj dracut: Skipping udev rule: 64-device-mapper.rules
Oct  7 21:35:39 ShwetRaj dracut: Skipping udev rule: 56-lvm.rules
Oct  7 21:35:39 ShwetRaj dracut: Skipping udev rule: 60-persistent-storage-lvm.rules
Oct  7 21:35:39 ShwetRaj dracut: *** Including module: qemu ***
Oct  7 21:35:39 ShwetRaj dracut: *** Including module: fstab-sys ***
Oct  7 21:35:39 ShwetRaj dracut: *** Including module: rootfs-block ***
Oct  7 21:35:39 ShwetRaj dracut: *** Including module: terminfo ***
Oct  7 21:35:39 ShwetRaj dracut: *** Including module: udev-rules ***
Oct  7 21:35:39 ShwetRaj dracut: Skipping udev rule: 40-redhat-cpu-hotplug.rules
Oct  7 21:35:40 ShwetRaj dracut: Skipping udev rule: 91-permissions.rules
Oct  7 21:35:40 ShwetRaj dracut: *** Including module: biosdevname ***
Oct  7 21:35:40 ShwetRaj dracut: *** Including module: systemd ***
Oct  7 21:35:41 ShwetRaj dracut: *** Including module: usrmount ***
Oct  7 21:35:41 ShwetRaj dracut: *** Including module: base ***
Oct  7 21:35:42 ShwetRaj dracut: *** Including module: fs-lib ***
Oct  7 21:35:42 ShwetRaj dracut: *** Including module: kdumpbase ***
Oct  7 21:35:43 ShwetRaj dracut: *** Including module: microcode_ctl-fw_dir_override ***
Oct  7 21:35:43 ShwetRaj dracut:  microcode_ctl module: mangling fw_dir
Oct  7 21:35:43 ShwetRaj dracut:    microcode_ctl: reset fw_dir to "/lib/firmware/updates /lib/firmware"
Oct  7 21:35:43 ShwetRaj dracut:    microcode_ctl: processing data directory  "/usr/share/microcode_ctl/ucode_with_caveats/intel"...
Oct  7 21:35:43 ShwetRaj dracut:    microcode_ctl: intel: Host-Only mode is enabled and "intel-ucode/06-2a-07" matches "intel-ucode/*"
Oct  7 21:35:43 ShwetRaj dracut:      microcode_ctl: intel: caveats check for kernel version "3.10.0-1127.el7.x86_64" passed, adding "/usr/share/microcode_ctl/ucode_with_caveats/intel" to fw_dir variable
Oct  7 21:35:43 ShwetRaj dracut:    microcode_ctl: processing data directory  "/usr/share/microcode_ctl/ucode_with_caveats/intel-06-2d-07"...
Oct  7 21:35:43 ShwetRaj dracut:    microcode_ctl: kernel version "3.10.0-1127.el7.x86_64" failed early load check for "intel-06-2d-07", skipping
Oct  7 21:35:43 ShwetRaj dracut:    microcode_ctl: processing data directory  "/usr/share/microcode_ctl/ucode_with_caveats/intel-06-4f-01"...
Oct  7 21:35:43 ShwetRaj dracut:    microcode_ctl: kernel version "3.10.0-1127.el7.x86_64" failed early load check for "intel-06-4f-01", skipping
Oct  7 21:35:43 ShwetRaj dracut:    microcode_ctl: processing data directory  "/usr/share/microcode_ctl/ucode_with_caveats/intel-06-55-04"...
Oct  7 21:35:43 ShwetRaj dracut:    microcode_ctl: kernel version "3.10.0-1127.el7.x86_64" failed early load check for "intel-06-55-04", skipping
Oct  7 21:35:43 ShwetRaj dracut:    microcode_ctl: final fw_dir: "/usr/share/microcode_ctl/ucode_with_caveats/intel /lib/firmware/updates /lib/firmware"
Oct  7 21:35:43 ShwetRaj dracut: *** Including module: shutdown ***
Oct  7 21:35:43 ShwetRaj dracut: *** Including modules done ***
Oct  7 21:35:43 ShwetRaj dracut: *** Installing kernel module dependencies and firmware ***
Oct  7 21:35:46 ShwetRaj dracut: *** Installing kernel module dependencies and firmware done ***
Oct  7 21:35:46 ShwetRaj dracut: *** Resolving executable dependencies ***
Oct  7 21:35:48 ShwetRaj dracut: *** Resolving executable dependencies done***
Oct  7 21:35:48 ShwetRaj dracut: *** Hardlinking files ***
Oct  7 21:35:48 ShwetRaj dracut: *** Hardlinking files done ***
Oct  7 21:35:48 ShwetRaj dracut: *** Stripping files ***
Oct  7 21:35:49 ShwetRaj dracut: *** Stripping files done ***
Oct  7 21:35:49 ShwetRaj dracut: *** Generating early-microcode cpio image contents ***
Oct  7 21:35:49 ShwetRaj dracut: *** Constructing GenuineIntel.bin ****
Oct  7 21:35:49 ShwetRaj dracut: *** Constructing GenuineIntel.bin ****
Oct  7 21:35:49 ShwetRaj dracut: *** Store current command line parameters ***
Oct  7 21:35:49 ShwetRaj dracut: *** Creating image file ***
Oct  7 21:35:49 ShwetRaj dracut: *** Creating microcode section ***
Oct  7 21:35:49 ShwetRaj dracut: *** Created microcode section ***
Oct  7 21:35:52 ShwetRaj systemd: Created slice User Slice of shwetraj.
Oct  7 21:35:52 ShwetRaj systemd: Started Session 1 of user shwetraj.
Oct  7 21:35:52 ShwetRaj systemd-logind: New session 1 of user shwetraj.
Oct  7 21:35:52 ShwetRaj gnome-session-binary[5034]: WARNING: Application 'org.gnome.SettingsDaemon.A11ySettings.desktop' killed by signal 15
Oct  7 21:35:52 ShwetRaj gnome-session: gnome-session-binary[5034]: WARNING: Application 'org.gnome.SettingsDaemon.A11ySettings.desktop' killed by signal 15
Oct  7 21:35:52 ShwetRaj gnome-session: gnome-session-binary[5034]: WARNING: Application 'org.gnome.SettingsDaemon.Clipboard.desktop' killed by signal 15
Oct  7 21:35:52 ShwetRaj gnome-session: gnome-session-binary[5034]: WARNING: Application 'org.gnome.SettingsDaemon.Datetime.desktop' killed by signal 15
Oct  7 21:35:52 ShwetRaj gnome-session: gnome-session-binary[5034]: WARNING: Application 'org.gnome.SettingsDaemon.Housekeeping.desktop' killed by signal 15
Oct  7 21:35:52 ShwetRaj gnome-session: gnome-session-binary[5034]: WARNING: Application 'org.gnome.SettingsDaemon.Keyboard.desktop' killed by signal 15
Oct  7 21:35:52 ShwetRaj gnome-session: gnome-session-binary[5034]: WARNING: Application 'org.gnome.SettingsDaemon.MediaKeys.desktop' killed by signal 15
Oct  7 21:35:52 ShwetRaj gnome-session: gnome-session-binary[5034]: WARNING: Application 'org.gnome.SettingsDaemon.Mouse.desktop' killed by signal 15
Oct  7 21:35:52 ShwetRaj gnome-session: gnome-session-binary[5034]: WARNING: Application 'org.gnome.SettingsDaemon.Power.desktop' killed by signal 15
Oct  7 21:35:52 ShwetRaj gnome-session: gnome-session-binary[5034]: WARNING: Application 'org.gnome.SettingsDaemon.PrintNotifications.desktop' killed by signal 15
Oct  7 21:35:52 ShwetRaj gnome-session: gnome-session-binary[5034]: WARNING: Application 'org.gnome.SettingsDaemon.Rfkill.desktop' killed by signal 15
Oct  7 21:35:52 ShwetRaj gnome-session: gnome-session-binary[5034]: WARNING: Application 'org.gnome.SettingsDaemon.ScreensaverProxy.desktop' killed by signal 15
Oct  7 21:35:52 ShwetRaj gnome-session: gnome-session-binary[5034]: WARNING: Application 'org.gnome.SettingsDaemon.Sharing.desktop' killed by signal 15
Oct  7 21:35:52 ShwetRaj gnome-session: gnome-session-binary[5034]: WARNING: Application 'org.gnome.SettingsDaemon.Smartcard.desktop' killed by signal 15
Oct  7 21:35:52 ShwetRaj gnome-session: gnome-session-binary[5034]: WARNING: Application 'org.gnome.SettingsDaemon.Wacom.desktop' killed by signal 15
Oct  7 21:35:52 ShwetRaj gnome-session: gnome-session-binary[5034]: WARNING: Lost name on bus: org.gnome.SessionManager
Oct  7 21:35:52 ShwetRaj gnome-session-binary[5034]: WARNING: Application 'org.gnome.SettingsDaemon.Clipboard.desktop' killed by signal 15
Oct  7 21:35:52 ShwetRaj gnome-session-binary[5034]: WARNING: Application 'org.gnome.SettingsDaemon.Datetime.desktop' killed by signal 15
Oct  7 21:35:52 ShwetRaj gnome-session-binary[5034]: WARNING: Application 'org.gnome.SettingsDaemon.Housekeeping.desktop' killed by signal 15
Oct  7 21:35:52 ShwetRaj gnome-session-binary[5034]: WARNING: Application 'org.gnome.SettingsDaemon.Keyboard.desktop' killed by signal 15
Oct  7 21:35:52 ShwetRaj gnome-session-binary[5034]: WARNING: Application 'org.gnome.SettingsDaemon.MediaKeys.desktop' killed by signal 15
Oct  7 21:35:52 ShwetRaj gnome-session-binary[5034]: WARNING: Application 'org.gnome.SettingsDaemon.Mouse.desktop' killed by signal 15
Oct  7 21:35:52 ShwetRaj gnome-session-binary[5034]: WARNING: Application 'org.gnome.SettingsDaemon.Power.desktop' killed by signal 15
Oct  7 21:35:52 ShwetRaj gnome-session-binary[5034]: WARNING: Application 'org.gnome.SettingsDaemon.PrintNotifications.desktop' killed by signal 15
Oct  7 21:35:52 ShwetRaj gnome-session-binary[5034]: WARNING: Application 'org.gnome.SettingsDaemon.Rfkill.desktop' killed by signal 15
